Archive member included to satisfy reference by file (symbol)

C:/NXP/S32DS_ARM_v2018.R1/S32DS/arm32_ewl2/lib/thumb/v6-m\libc99.a(exit.o)
                              C:/NXP/S32DS_ARM_v2018.R1/S32DS/arm32_ewl2/lib/thumb/v6-m/__arm_start.o (exit)
C:/NXP/S32DS_ARM_v2018.R1/S32DS/arm32_ewl2/lib/thumb/v6-m\libc99.a(memset.o)
                              C:/NXP/S32DS_ARM_v2018.R1/S32DS/arm32_ewl2/lib/thumb/v6-m/__arm_start.o (memset)
C:/NXP/S32DS_ARM_v2018.R1/S32DS/arm32_ewl2/lib/thumb/v6-m\libc99.a(__filll_mem.o)
                              C:/NXP/S32DS_ARM_v2018.R1/S32DS/arm32_ewl2/lib/thumb/v6-m\libc99.a(memset.o) (__fill_mem)
c:/nxp/s32ds_arm_v2018.r1/cross_tools/gcc-6.3-arm32-eabi/bin/../lib/gcc/arm-none-eabi/6.3.1/thumb/v6-m\libgcc.a(_udivsi3.o)
                              ./SDK/rtos/osif/osif_baremetal.o (__aeabi_uidiv)
c:/nxp/s32ds_arm_v2018.r1/cross_tools/gcc-6.3-arm32-eabi/bin/../lib/gcc/arm-none-eabi/6.3.1/thumb/v6-m\libgcc.a(_dvmd_tls.o)
                              c:/nxp/s32ds_arm_v2018.r1/cross_tools/gcc-6.3-arm32-eabi/bin/../lib/gcc/arm-none-eabi/6.3.1/thumb/v6-m\libgcc.a(_udivsi3.o) (__aeabi_idiv0)
c:/nxp/s32ds_arm_v2018.r1/cross_tools/gcc-6.3-arm32-eabi/bin/../lib/gcc/arm-none-eabi/6.3.1/thumb/v6-m\libgcc.a(_aeabi_uldivmod.o)
                              ./SDK/platform/drivers/src/lpit/lpit_driver.o (__aeabi_uldivmod)
c:/nxp/s32ds_arm_v2018.r1/cross_tools/gcc-6.3-arm32-eabi/bin/../lib/gcc/arm-none-eabi/6.3.1/thumb/v6-m\libgcc.a(_muldi3.o)
                              ./SDK/platform/drivers/src/lpit/lpit_driver.o (__aeabi_lmul)
c:/nxp/s32ds_arm_v2018.r1/cross_tools/gcc-6.3-arm32-eabi/bin/../lib/gcc/arm-none-eabi/6.3.1/thumb/v6-m\libgcc.a(_udivmoddi4.o)
                              c:/nxp/s32ds_arm_v2018.r1/cross_tools/gcc-6.3-arm32-eabi/bin/../lib/gcc/arm-none-eabi/6.3.1/thumb/v6-m\libgcc.a(_aeabi_uldivmod.o) (__udivmoddi4)
c:/nxp/s32ds_arm_v2018.r1/cross_tools/gcc-6.3-arm32-eabi/bin/../lib/gcc/arm-none-eabi/6.3.1/thumb/v6-m\libgcc.a(_clzdi2.o)
                              c:/nxp/s32ds_arm_v2018.r1/cross_tools/gcc-6.3-arm32-eabi/bin/../lib/gcc/arm-none-eabi/6.3.1/thumb/v6-m\libgcc.a(_udivmoddi4.o) (__clzdi2)
c:/nxp/s32ds_arm_v2018.r1/cross_tools/gcc-6.3-arm32-eabi/bin/../lib/gcc/arm-none-eabi/6.3.1/thumb/v6-m\libgcc.a(_clzsi2.o)
                              c:/nxp/s32ds_arm_v2018.r1/cross_tools/gcc-6.3-arm32-eabi/bin/../lib/gcc/arm-none-eabi/6.3.1/thumb/v6-m\libgcc.a(_clzdi2.o) (__clzsi2)
C:/NXP/S32DS_ARM_v2018.R1/S32DS/arm32_ewl2/lib/thumb/v6-m\librt.a(gcc_ctor_dtor.o)
                              C:/NXP/S32DS_ARM_v2018.R1/S32DS/arm32_ewl2/lib/thumb/v6-m/__arm_start.o (__init_cpp)
C:/NXP/S32DS_ARM_v2018.R1/S32DS/arm32_ewl2/lib/thumb/v6-m\librt.a(__arm_eabi_init.o)
                              C:/NXP/S32DS_ARM_v2018.R1/S32DS/arm32_ewl2/lib/thumb/v6-m\libc99.a(exit.o) (__destroy_global_chain)
C:/NXP/S32DS_ARM_v2018.R1/S32DS/arm32_ewl2/lib/thumb/v6-m\librt.a(ROMCopy.o)
                              C:/NXP/S32DS_ARM_v2018.R1/S32DS/arm32_ewl2/lib/thumb/v6-m/__arm_start.o (__copy_rom_sections_to_ram)

Allocating common symbols
Common symbol       size              file

p_jump_to_app       0x4               ./Sources/main.o
g_xtal0ClkFreq      0x4               ./SDK/platform/drivers/src/clock/S32K1xx/clock_S32K1xx.o
wait_timeout        0x1               ./Sources/main.o
lpuart0_State       0x34              ./Generated_Code/lpuart0.o
flashSSDConfig      0x1c              ./Sources/mem_man.o
g_RtcClkInFreq      0x4               ./SDK/platform/drivers/src/clock/S32K1xx/clock_S32K1xx.o
callback_in_ram     0x200             ./Sources/mem_man.o
g_TClkFreq          0xc               ./SDK/platform/drivers/src/clock/S32K1xx/clock_S32K1xx.o
flashUserConfig     0x14              ./Sources/mem_man.o
dmaController1_State
                    0x10              ./Generated_Code/dmaController1.o
dmaController1Chn0_State
                    0x10              ./Generated_Code/dmaController1.o
cmd_sequence_in_ram
                    0x200             ./Sources/mem_man.o

Discarded input sections

 .text          0x00000000        0x0 C:/NXP/S32DS_ARM_v2018.R1/S32DS/arm32_ewl2/lib/thumb/v6-m/__arm_start.o
 .data          0x00000000        0x0 C:/NXP/S32DS_ARM_v2018.R1/S32DS/arm32_ewl2/lib/thumb/v6-m/__arm_start.o
 .bss           0x00000000        0x0 C:/NXP/S32DS_ARM_v2018.R1/S32DS/arm32_ewl2/lib/thumb/v6-m/__arm_start.o
 .text.__thumb_startup
                0x00000000       0x3c C:/NXP/S32DS_ARM_v2018.R1/S32DS/arm32_ewl2/lib/thumb/v6-m/__arm_start.o
 .text.__iar_program_start
                0x00000000        0x4 C:/NXP/S32DS_ARM_v2018.R1/S32DS/arm32_ewl2/lib/thumb/v6-m/__arm_start.o
 .bss.argv      0x00000000        0x4 C:/NXP/S32DS_ARM_v2018.R1/S32DS/arm32_ewl2/lib/thumb/v6-m/__arm_start.o
 .debug_info    0x00000000      0x126 C:/NXP/S32DS_ARM_v2018.R1/S32DS/arm32_ewl2/lib/thumb/v6-m/__arm_start.o
[...]
Memory Configuration

Name             Origin             Length             Attributes
m_interrupts     0x00000000         0x000000c0         xr
m_flash_config   0x00000400         0x00000010         xr
m_text           0x00000410         0x0000fbf0         xr
m_custom         0x1ffffc00         0x00000400         rw
m_data           0x20000000         0x000030c0         rw
m_data_2         0x200030c0         0x00002740         rw
*default*        0x00000000         0xffffffff

Linker script and memory map

LOAD C:/NXP/S32DS_ARM_v2018.R1/S32DS/arm32_ewl2/lib/thumb/v6-m/__arm_start.o
LOAD ./Sources/mem_man.o
LOAD ./Sources/main.o
LOAD ./Sources/lpit_user_if.o
LOAD ./Sources/fsl_flash_driver_c90tfs.o
LOAD ./Sources/comm.o
LOAD ./SDK/rtos/osif/osif_baremetal.o
LOAD ./SDK/platform/drivers/src/pins/pins_port_hw_access.o
LOAD ./SDK/platform/drivers/src/pins/pins_driver.o
LOAD ./SDK/platform/drivers/src/lpuart/lpuart_irq.o
LOAD ./SDK/platform/drivers/src/lpuart/lpuart_hw_access.o
LOAD ./SDK/platform/drivers/src/lpuart/lpuart_driver.o
LOAD ./SDK/platform/drivers/src/lpit/lpit_driver.o
LOAD ./SDK/platform/drivers/src/interrupt/interrupt_manager.o
LOAD ./SDK/platform/drivers/src/edma/edma_irq.o
LOAD ./SDK/platform/drivers/src/edma/edma_hw_access.o
LOAD ./SDK/platform/drivers/src/edma/edma_driver.o
LOAD ./SDK/platform/drivers/src/clock/S32K1xx/clock_S32K1xx.o
LOAD ./SDK/platform/devices/startup.o
LOAD ./SDK/platform/devices/S32K118/startup/system_S32K118.o
LOAD ./Project_Settings/Startup_Code/startup_S32K118.o
LOAD ./Generated_Code/pin_mux.o
LOAD ./Generated_Code/lpuart0.o
LOAD ./Generated_Code/lpit0.o
LOAD ./Generated_Code/dmaController1.o
LOAD ./Generated_Code/clockMan1.o
LOAD ./Generated_Code/Cpu.o
START GROUP
LOAD C:/NXP/S32DS_ARM_v2018.R1/S32DS/arm32_ewl2/lib/thumb/v6-m\libc99.a
LOAD C:/NXP/S32DS_ARM_v2018.R1/S32DS/arm32_ewl2/lib/thumb/v6-m\libm.a
LOAD c:/nxp/s32ds_arm_v2018.r1/cross_tools/gcc-6.3-arm32-eabi/bin/../lib/gcc/arm-none-eabi/6.3.1/thumb/v6-m\libgcc.a
LOAD C:/NXP/S32DS_ARM_v2018.R1/S32DS/arm32_ewl2/lib/thumb/v6-m\librt.a
LOAD C:/NXP/S32DS_ARM_v2018.R1/S32DS/arm32_ewl2/lib/thumb/v6-m\libnoio.a
END GROUP
LOAD C:/NXP/S32DS_ARM_v2018.R1/S32DS/arm32_ewl2/lib/thumb/v6-m/__arm_end.o
                0x00000200                HEAP_SIZE = DEFINED (__heap_size__)?__heap_size__:0x200
                0x00000200                STACK_SIZE = DEFINED (__stack_size__)?__stack_size__:0x200
                0x000000c0                M_VECTOR_RAM_SIZE = DEFINED (__flash_vector_table__)?0x0:0xc0

.interrupts     0x00000000       0xc0
                0x00000000                __VECTOR_TABLE = .
                0x00000000                __interrupts_start__ = .
                0x00000000                . = ALIGN (0x4)
 *(.isr_vector)
 .isr_vector    0x00000000       0xc0 ./Project_Settings/Startup_Code/startup_S32K118.o
                0x00000000                __isr_vector
                0x000000c0                __interrupts_end__ = .
                0x000000c0                . = ALIGN (0x4)

.flash_config   0x00000400       0x10
                0x00000400                . = ALIGN (0x4)
 *(.FlashConfig)
 .FlashConfig   0x00000400       0x10 ./Project_Settings/Startup_Code/startup_S32K118.o
                0x00000410                . = ALIGN (0x4)

.text           0x00000410     0x7154
                0x00000410                . = ALIGN (0x4)
 *(.text)
 .text          0x00000410       0x60 ./Project_Settings/Startup_Code/startup_S32K118.o
                0x00000410                Reset_Handler
                0x0000046c                ERM_fault_IRQHandler
                0x0000046c                PendSV_Handler
                0x0000046c                NMI_Handler
                0x0000046c                LPIT0_IRQHandler
                0x0000046c                ADC0_IRQHandler
                0x0000046c                FTM0_Ovf_Reload_IRQHandler
                0x0000046c                FTM1_Ch0_7_IRQHandler
                0x0000046c                DefaultISR
                0x0000046c                SCG_CMU_LVD_LVWSCG_IRQHandler
                0x0000046c                FTM0_Ch0_7_IRQHandler
                0x0000046c                RTC_IRQHandler
                0x0000046c                PDB0_IRQHandler
                0x0000046c                HardFault_Handler
                0x0000046c                CAN0_ORed_Err_Wakeup_IRQHandler
                0x0000046c                LPSPI1_IRQHandler
                0x0000046c                LPUART1_RxTx_IRQHandler
                0x0000046c                RTC_Seconds_IRQHandler
                0x0000046c                CAN0_ORed_0_31_MB_IRQHandler
                0x0000046c                FTFC_IRQHandler
                0x0000046c                LPSPI0_IRQHandler
                0x0000046c                FTM0_Fault_IRQHandler
                0x0000046c                SVC_Handler
                0x0000046c                RCM_IRQHandler
                0x0000046c                FTM1_Fault_IRQHandler
                0x0000046c                LPI2C0_Master_Slave_IRQHandler
                0x0000046c                LPUART0_RxTx_IRQHandler
                0x0000046c                WDOG_IRQHandler
                0x0000046c                LPTMR0_IRQHandler
                0x0000046c                FTM1_Ovf_Reload_IRQHandler
                0x0000046c                CMP0_IRQHandler
                0x0000046c                PORT_IRQHandler
                0x0000046c                FLEXIO_IRQHandler
 .text          0x00000470      0x114 c:/nxp/s32ds_arm_v2018.r1/cross_tools/gcc-6.3-arm32-eabi/bin/../lib/gcc/arm-none-eabi/6.3.1/thumb/v6-m\libgcc.a(_udivsi3.o)
                0x00000470                __aeabi_uidiv
                0x00000470                __udivsi3
                0x0000057c                __aeabi_uidivmod
 .text          0x00000584        0x4 c:/nxp/s32ds_arm_v2018.r1/cross_tools/gcc-6.3-arm32-eabi/bin/../lib/gcc/arm-none-eabi/6.3.1/thumb/v6-m\libgcc.a(_dvmd_tls.o)
                0x00000584                __aeabi_idiv0
                0x00000584                __aeabi_ldiv0
 .text          0x00000588       0x40 c:/nxp/s32ds_arm_v2018.r1/cross_tools/gcc-6.3-arm32-eabi/bin/../lib/gcc/arm-none-eabi/6.3.1/thumb/v6-m\libgcc.a(_aeabi_uldivmod.o)
                0x00000588                __aeabi_uldivmod
 .text          0x000005c8       0x54 c:/nxp/s32ds_arm_v2018.r1/cross_tools/gcc-6.3-arm32-eabi/bin/../lib/gcc/arm-none-eabi/6.3.1/thumb/v6-m\libgcc.a(_muldi3.o)
                0x000005c8                __muldi3
                0x000005c8                __aeabi_lmul
 .text          0x0000061c      0x180 c:/nxp/s32ds_arm_v2018.r1/cross_tools/gcc-6.3-arm32-eabi/bin/../lib/gcc/arm-none-eabi/6.3.1/thumb/v6-m\libgcc.a(_udivmoddi4.o)
                0x0000061c                __udivmoddi4
 .text          0x0000079c       0x18 c:/nxp/s32ds_arm_v2018.r1/cross_tools/gcc-6.3-arm32-eabi/bin/../lib/gcc/arm-none-eabi/6.3.1/thumb/v6-m\libgcc.a(_clzdi2.o)
                0x0000079c                __clzdi2
 .text          0x000007b4       0x3c c:/nxp/s32ds_arm_v2018.r1/cross_tools/gcc-6.3-arm32-eabi/bin/../lib/gcc/arm-none-eabi/6.3.1/thumb/v6-m\libgcc.a(_clzsi2.o)
                0x000007b4                __clzsi2
 *(.text*)
 .text.mem_man_write
                0x000007f0      0x214 ./Sources/mem_man.o
                0x000007f0                mem_man_write
 .text.main     0x00000a04       0x88 ./Sources/main.o
                0x00000a04                main
 .text.JumpToUserApplication
                0x00000a8c       0x4c ./Sources/main.o
 .text.MSR_MSP  0x00000ad8       0x14 ./Sources/main.o
 .text.init_lipt
                0x00000aec       0x54 ./Sources/lpit_user_if.o
                0x00000aec                init_lipt
 .text.lpit_callback
                0x00000b40       0x48 ./Sources/lpit_user_if.o
 .text.FlashInit
                0x00000b88       0x54 ./Sources/fsl_flash_driver_c90tfs.o
                0x00000b88                FlashInit
 .text.FlashEraseSector
                0x00000bdc      0x10c ./Sources/fsl_flash_driver_c90tfs.o
                0x00000bdc                FlashEraseSector
 .text.FlashProgram
                0x00000ce8      0x138 ./Sources/fsl_flash_driver_c90tfs.o
                0x00000ce8                FlashProgram
 .text.LPUART_SetReceiverCmd
                0x00000e20       0x54 ./Sources/comm.o
 .text.LPUART_Getchar
                0x00000e74       0x1c ./Sources/comm.o
 .text.init_comm
                0x00000e90       0x30 ./Sources/comm.o
                0x00000e90                init_comm
 .text.comm_status_rx
                0x00000ec0       0x34 ./Sources/comm.o
                0x00000ec0                comm_status_rx
 .text.comm_download_app
                0x00000ef4      0x214 ./Sources/comm.o
                0x00000ef4                comm_download_app
 .text.comm_get_phrase
                0x00001108       0x28 ./Sources/comm.o
                0x00001108                comm_get_phrase
 .text.comm_verify_phrase
                0x00001130      0x1fc ./Sources/comm.o
 .text.comm_send_acknowledge
                0x0000132c       0x30 ./Sources/comm.o
 .text.comm_signal_CRC
                0x0000135c       0x30 ./Sources/comm.o
 .text.comm_clear_bf
                0x0000138c       0x28 ./Sources/comm.o
 .text.UART_get_phrase
                0x000013b4      0x23c ./Sources/comm.o
 .text.rxCallback
                0x000015f0       0x1a ./Sources/comm.o
                0x000015f0                rxCallback
 *fill*         0x0000160a        0x2 
 .text.enable_uart_rx
                0x0000160c       0x28 ./Sources/comm.o
 .text.UART_IsRxBuffFull
                0x00001634       0x30 ./Sources/comm.o
 .text.UART_GetChar
                0x00001664       0x54 ./Sources/comm.o
 .text.osif_Tick
                0x000016b8       0x18 ./SDK/rtos/osif/osif_baremetal.o
 .text.osif_GetCurrentTickCount
                0x000016d0       0x14 ./SDK/rtos/osif/osif_baremetal.o
 .text.SysTick_Handler
                0x000016e4        0xe ./SDK/rtos/osif/osif_baremetal.o
                0x000016e4                SysTick_Handler
 *fill*         0x000016f2        0x2 
 .text.osif_UpdateTickConfig
                0x000016f4       0x58 ./SDK/rtos/osif/osif_baremetal.o
 .text.osif_DisableIrqGlobal
                0x0000174c        0xe ./SDK/rtos/osif/osif_baremetal.o
 .text.osif_EnableIrqGlobal
                0x0000175a        0xe ./SDK/rtos/osif/osif_baremetal.o
 .text.OSIF_SemaWait
                0x00001768       0xbc ./SDK/rtos/osif/osif_baremetal.o
                0x00001768                OSIF_SemaWait
 .text.OSIF_SemaPost
                0x00001824       0x48 ./SDK/rtos/osif/osif_baremetal.o
                0x00001824                OSIF_SemaPost
 .text.OSIF_SemaCreate
                0x0000186c       0x28 ./SDK/rtos/osif/osif_baremetal.o
                0x0000186c                OSIF_SemaCreate
 .text.PINS_GPIO_WritePin
                0x00001894       0x42 ./SDK/platform/drivers/src/pins/pins_port_hw_access.o
 *fill*         0x000018d6        0x2 
 .text.PINS_Init
                0x000018d8      0x1c0 ./SDK/platform/drivers/src/pins/pins_port_hw_access.o
                0x000018d8                PINS_Init
 .text.PINS_DRV_Init
                0x00001a98       0x3e ./SDK/platform/drivers/src/pins/pins_driver.o
                0x00001a98                PINS_DRV_Init
 .text.LPUART0_IrqHandler
                0x00001ad6       0x10 ./SDK/platform/drivers/src/lpuart/lpuart_irq.o
                0x00001ad6                LPUART0_IrqHandler
 .text.LPUART1_IrqHandler
                0x00001ae6       0x10 ./SDK/platform/drivers/src/lpuart/lpuart_irq.o
                0x00001ae6                LPUART1_IrqHandler
 *fill*         0x00001af6        0x2 
 .text.LPUART_Init
                0x00001af8       0x44 ./SDK/platform/drivers/src/lpuart/lpuart_hw_access.o
                0x00001af8                LPUART_Init
 .text.LPUART_SetBitCountPerChar
                0x00001b3c       0x70 ./SDK/platform/drivers/src/lpuart/lpuart_hw_access.o
                0x00001b3c                LPUART_SetBitCountPerChar
 .text.LPUART_SetParityMode
                0x00001bac       0x48 ./SDK/platform/drivers/src/lpuart/lpuart_hw_access.o
                0x00001bac                LPUART_SetParityMode
 .text.LPUART_Putchar9
                0x00001bf4       0x54 ./SDK/platform/drivers/src/lpuart/lpuart_hw_access.o
                0x00001bf4                LPUART_Putchar9
 .text.LPUART_Putchar10
                0x00001c48       0x84 ./SDK/platform/drivers/src/lpuart/lpuart_hw_access.o
                0x00001c48                LPUART_Putchar10
 .text.LPUART_Getchar9
                0x00001ccc       0x3e ./SDK/platform/drivers/src/lpuart/lpuart_hw_access.o
                0x00001ccc                LPUART_Getchar9
 .text.LPUART_Getchar10
                0x00001d0a       0x5e ./SDK/platform/drivers/src/lpuart/lpuart_hw_access.o
                0x00001d0a                LPUART_Getchar10
 .text.LPUART_SetIntMode
                0x00001d68       0xec ./SDK/platform/drivers/src/lpuart/lpuart_hw_access.o
                0x00001d68                LPUART_SetIntMode
 .text.LPUART_GetIntMode
                0x00001e54       0xa6 ./SDK/platform/drivers/src/lpuart/lpuart_hw_access.o
                0x00001e54                LPUART_GetIntMode
 .text.LPUART_GetStatusFlag
                0x00001efa       0xa6 ./SDK/platform/drivers/src/lpuart/lpuart_hw_access.o
                0x00001efa                LPUART_GetStatusFlag
 .text.LPUART_SetErrorInterrupts
                0x00001fa0       0x60 ./SDK/platform/drivers/src/lpuart/lpuart_hw_access.o
                0x00001fa0                LPUART_SetErrorInterrupts
 .text.LPUART_SetTransmitterCmd
                0x00002000       0x54 ./SDK/platform/drivers/src/lpuart/lpuart_driver.o
 .text.LPUART_SetReceiverCmd
                0x00002054       0x54 ./SDK/platform/drivers/src/lpuart/lpuart_driver.o
 .text.LPUART_SetBaudRateDivisor
                0x000020a8       0x32 ./SDK/platform/drivers/src/lpuart/lpuart_driver.o
 *fill*         0x000020da        0x2 
 .text.LPUART_SetOversamplingRatio
                0x000020dc       0x3c ./SDK/platform/drivers/src/lpuart/lpuart_driver.o
 .text.LPUART_EnableBothEdgeSamplingCmd
                0x00002118       0x1e ./SDK/platform/drivers/src/lpuart/lpuart_driver.o
 *fill*         0x00002136        0x2 
 .text.LPUART_SetStopBitCount
                0x00002138       0x30 ./SDK/platform/drivers/src/lpuart/lpuart_driver.o
 .text.LPUART_SetTxDmaCmd
                0x00002168       0x38 ./SDK/platform/drivers/src/lpuart/lpuart_driver.o
 .text.LPUART_SetRxDmaCmd
                0x000021a0       0x38 ./SDK/platform/drivers/src/lpuart/lpuart_driver.o
 .text.LPUART_Putchar
                0x000021d8       0x24 ./SDK/platform/drivers/src/lpuart/lpuart_driver.o
 .text.LPUART_Getchar
                0x000021fc       0x1c ./SDK/platform/drivers/src/lpuart/lpuart_driver.o
 .text.LPUART_DRV_ClearErrorFlags
                0x00002218       0x2c ./SDK/platform/drivers/src/lpuart/lpuart_driver.o
 .text.LPUART_DRV_Init
                0x00002244      0x174 ./SDK/platform/drivers/src/lpuart/lpuart_driver.o
                0x00002244                LPUART_DRV_Init
 .text.LPUART_DRV_InstallRxCallback
                0x000023b8       0x38 ./SDK/platform/drivers/src/lpuart/lpuart_driver.o
                0x000023b8                LPUART_DRV_InstallRxCallback
 .text.LPUART_DRV_SendDataBlocking
                0x000023f0       0xc0 ./SDK/platform/drivers/src/lpuart/lpuart_driver.o
                0x000023f0                LPUART_DRV_SendDataBlocking
 .text.LPUART_DRV_GetTransmitStatus
                0x000024b0       0x64 ./SDK/platform/drivers/src/lpuart/lpuart_driver.o
                0x000024b0                LPUART_DRV_GetTransmitStatus
 .text.LPUART_DRV_SetBaudRate
                0x00002514      0x180 ./SDK/platform/drivers/src/lpuart/lpuart_driver.o
                0x00002514                LPUART_DRV_SetBaudRate
 .text.LPUART_DRV_IRQHandler
                0x00002694       0xb8 ./SDK/platform/drivers/src/lpuart/lpuart_driver.o
                0x00002694                LPUART_DRV_IRQHandler
 .text.LPUART_DRV_RxIrqHandler
                0x0000274c       0xa0 ./SDK/platform/drivers/src/lpuart/lpuart_driver.o
 .text.LPUART_DRV_TxEmptyIrqHandler
                0x000027ec       0xb8 ./SDK/platform/drivers/src/lpuart/lpuart_driver.o
 .text.LPUART_DRV_TxCompleteIrqHandler
                0x000028a4       0x5c ./SDK/platform/drivers/src/lpuart/lpuart_driver.o
 .text.LPUART_DRV_ErrIrqHandler
                0x00002900      0x1a8 ./SDK/platform/drivers/src/lpuart/lpuart_driver.o
 .text.LPUART_DRV_StartSendDataUsingInt
                0x00002aa8       0x74 ./SDK/platform/drivers/src/lpuart/lpuart_driver.o
 .text.LPUART_DRV_StartSendDataUsingDma
                0x00002b1c       0xb4 ./SDK/platform/drivers/src/lpuart/lpuart_driver.o
 .text.LPUART_DRV_CompleteSendDataUsingInt
                0x00002bd0       0x84 ./SDK/platform/drivers/src/lpuart/lpuart_driver.o
 .text.LPUART_DRV_TxDmaCallback
                0x00002c54       0xd0 ./SDK/platform/drivers/src/lpuart/lpuart_driver.o
 .text.LPUART_DRV_CompleteReceiveDataUsingInt
                0x00002d24       0x90 ./SDK/platform/drivers/src/lpuart/lpuart_driver.o
 .text.LPUART_DRV_PutData
                0x00002db4       0xc4 ./SDK/platform/drivers/src/lpuart/lpuart_driver.o
 .text.LPUART_DRV_GetData
                0x00002e78       0xb4 ./SDK/platform/drivers/src/lpuart/lpuart_driver.o
 .text.LPUART_DRV_StopTxDma
                0x00002f2c       0x88 ./SDK/platform/drivers/src/lpuart/lpuart_driver.o
 .text.LPUART_DRV_StopRxDma
                0x00002fb4       0x94 ./SDK/platform/drivers/src/lpuart/lpuart_driver.o
 .text.LPIT_Enable
                0x00003048       0x32 ./SDK/platform/drivers/src/lpit/lpit_driver.o
 .text.LPIT_Disable
                0x0000307a       0x1e ./SDK/platform/drivers/src/lpit/lpit_driver.o
 .text.LPIT_Reset
                0x00003098       0x40 ./SDK/platform/drivers/src/lpit/lpit_driver.o
 .text.LPIT_StartTimerChannels
                0x000030d8       0x1e ./SDK/platform/drivers/src/lpit/lpit_driver.o
 .text.LPIT_StopTimerChannels
                0x000030f6       0x1e ./SDK/platform/drivers/src/lpit/lpit_driver.o
 .text.LPIT_SetTimerPeriodByCount
                0x00003114       0x20 ./SDK/platform/drivers/src/lpit/lpit_driver.o
 .text.LPIT_EnableInterruptTimerChannels
                0x00003134       0x1e ./SDK/platform/drivers/src/lpit/lpit_driver.o
 .text.LPIT_DisableInterruptTimerChannels
                0x00003152       0x20 ./SDK/platform/drivers/src/lpit/lpit_driver.o
 .text.LPIT_ClearInterruptFlagTimerChannels
                0x00003172       0x18 ./SDK/platform/drivers/src/lpit/lpit_driver.o
 .text.LPIT_SetTimerChannelModeCmd
                0x0000318a       0x58 ./SDK/platform/drivers/src/lpit/lpit_driver.o
 .text.LPIT_GetTimerChannelModeCmd
                0x000031e2       0x70 ./SDK/platform/drivers/src/lpit/lpit_driver.o
 *fill*         0x00003252        0x2 
 .text.LPIT_SetTriggerSelectCmd
                0x00003254       0x58 ./SDK/platform/drivers/src/lpit/lpit_driver.o
 .text.LPIT_SetTriggerSourceCmd
                0x000032ac       0x5c ./SDK/platform/drivers/src/lpit/lpit_driver.o
 .text.LPIT_SetReloadOnTriggerCmd
                0x00003308       0x60 ./SDK/platform/drivers/src/lpit/lpit_driver.o
 .text.LPIT_SetStopOnInterruptCmd
                0x00003368       0x60 ./SDK/platform/drivers/src/lpit/lpit_driver.o
 .text.LPIT_SetStartOnTriggerCmd
                0x000033c8       0x60 ./SDK/platform/drivers/src/lpit/lpit_driver.o
 .text.LPIT_SetTimerChannelChainCmd
                0x00003428       0x5c ./SDK/platform/drivers/src/lpit/lpit_driver.o
 .text.LPIT_SetTimerRunInDebugCmd
                0x00003484       0x3c ./SDK/platform/drivers/src/lpit/lpit_driver.o
 .text.LPIT_SetTimerRunInDozeCmd
                0x000034c0       0x3c ./SDK/platform/drivers/src/lpit/lpit_driver.o
 .text.LPIT_DRV_Init
                0x000034fc       0xa0 ./SDK/platform/drivers/src/lpit/lpit_driver.o
                0x000034fc                LPIT_DRV_Init
 .text.LPIT_DRV_Deinit
                0x0000359c       0x20 ./SDK/platform/drivers/src/lpit/lpit_driver.o
                0x0000359c                LPIT_DRV_Deinit
 .text.LPIT_DRV_InitChannel
                0x000035bc      0x128 ./SDK/platform/drivers/src/lpit/lpit_driver.o
                0x000035bc                LPIT_DRV_InitChannel
 .text.LPIT_DRV_StartTimerChannels
                0x000036e4       0x28 ./SDK/platform/drivers/src/lpit/lpit_driver.o
                0x000036e4                LPIT_DRV_StartTimerChannels
 .text.LPIT_DRV_StopTimerChannels
                0x0000370c       0x28 ./SDK/platform/drivers/src/lpit/lpit_driver.o
                0x0000370c                LPIT_DRV_StopTimerChannels
 .text.LPIT_DRV_SetTimerPeriodByUs
                0x00003734      0x168 ./SDK/platform/drivers/src/lpit/lpit_driver.o
                0x00003734                LPIT_DRV_SetTimerPeriodByUs
 .text.LPIT_DRV_SetTimerPeriodByCount
                0x0000389c       0x28 ./SDK/platform/drivers/src/lpit/lpit_driver.o
                0x0000389c                LPIT_DRV_SetTimerPeriodByCount
 .text.LPIT_DRV_ClearInterruptFlagTimerChannels
                0x000038c4       0x28 ./SDK/platform/drivers/src/lpit/lpit_driver.o
                0x000038c4                LPIT_DRV_ClearInterruptFlagTimerChannels
 .text.INT_SYS_InstallHandler
                0x000038ec       0x54 ./SDK/platform/drivers/src/interrupt/interrupt_manager.o
                0x000038ec                INT_SYS_InstallHandler
 .text.INT_SYS_EnableIRQ
                0x00003940       0x38 ./SDK/platform/drivers/src/interrupt/interrupt_manager.o
                0x00003940                INT_SYS_EnableIRQ
 .text.INT_SYS_EnableIRQGlobal
                0x00003978       0x2c ./SDK/platform/drivers/src/interrupt/interrupt_manager.o
                0x00003978                INT_SYS_EnableIRQGlobal
 .text.INT_SYS_DisableIRQGlobal
                0x000039a4       0x1c ./SDK/platform/drivers/src/interrupt/interrupt_manager.o
                0x000039a4                INT_SYS_DisableIRQGlobal
 .text.EDMA_GetErrorIntStatusFlag
                0x000039c0       0x14 ./SDK/platform/drivers/src/edma/edma_irq.o
 .text.DMA0_IRQHandler
                0x000039d4       0x10 ./SDK/platform/drivers/src/edma/edma_irq.o
                0x000039d4                DMA0_IRQHandler
 .text.DMA1_IRQHandler
                0x000039e4       0x10 ./SDK/platform/drivers/src/edma/edma_irq.o
                0x000039e4                DMA1_IRQHandler
 .text.DMA2_IRQHandler
                0x000039f4       0x10 ./SDK/platform/drivers/src/edma/edma_irq.o
                0x000039f4                DMA2_IRQHandler
 .text.DMA3_IRQHandler
                0x00003a04       0x10 ./SDK/platform/drivers/src/edma/edma_irq.o
                0x00003a04                DMA3_IRQHandler
 .text.DMA_Error_IRQHandler
                0x00003a14       0x68 ./SDK/platform/drivers/src/edma/edma_irq.o
                0x00003a14                DMA_Error_IRQHandler
 .text.EDMA_SetDmaRequestCmd
                0x00003a7c       0x3a ./SDK/platform/drivers/src/edma/edma_hw_access.o
                0x00003a7c                EDMA_SetDmaRequestCmd
 *fill*         0x00003ab6        0x2 
 .text.EDMA_TCDClearReg
                0x00003ab8       0xf8 ./SDK/platform/drivers/src/edma/edma_hw_access.o
                0x00003ab8                EDMA_TCDClearReg
 .text.EDMA_TCDSetAttribute
                0x00003bb0       0x94 ./SDK/platform/drivers/src/edma/edma_hw_access.o
                0x00003bb0                EDMA_TCDSetAttribute
 .text.EDMA_TCDSetNbytes
                0x00003c44       0xe4 ./SDK/platform/drivers/src/edma/edma_hw_access.o
                0x00003c44                EDMA_TCDSetNbytes
 .text.EDMA_TCDSetMajorCount
                0x00003d28      0x1c0 ./SDK/platform/drivers/src/edma/edma_hw_access.o
                0x00003d28                EDMA_TCDSetMajorCount
 .text.EDMA_TCDGetCurrentMajorCount
                0x00003ee8       0x88 ./SDK/platform/drivers/src/edma/edma_hw_access.o
                0x00003ee8                EDMA_TCDGetCurrentMajorCount
 .text.EDMA_SetMinorLoopMappingCmd
                0x00003f70       0x3e ./SDK/platform/drivers/src/edma/edma_driver.o
 .text.EDMA_ClearErrorIntStatusFlag
                0x00003fae       0x1e ./SDK/platform/drivers/src/edma/edma_driver.o
 .text.EDMA_ClearDoneStatusFlag
                0x00003fcc       0x1e ./SDK/platform/drivers/src/edma/edma_driver.o
 .text.EDMA_ClearIntStatusFlag
                0x00003fea       0x1e ./SDK/platform/drivers/src/edma/edma_driver.o
 .text.EDMA_TCDSetEngineStall
                0x00004008       0x78 ./SDK/platform/drivers/src/edma/edma_driver.o
 .text.EDMA_TCDSetSrcAddr
                0x00004080       0x2a ./SDK/platform/drivers/src/edma/edma_driver.o
 .text.EDMA_TCDSetSrcOffset
                0x000040aa       0x36 ./SDK/platform/drivers/src/edma/edma_driver.o
 .text.EDMA_TCDSetDestAddr
                0x000040e0       0x34 ./SDK/platform/drivers/src/edma/edma_driver.o
 .text.EDMA_TCDSetDestOffset
                0x00004114       0x3c ./SDK/platform/drivers/src/edma/edma_driver.o
 .text.EDMA_TCDSetDisableDmaRequestAfterTCDDoneCmd
                0x00004150       0x80 ./SDK/platform/drivers/src/edma/edma_driver.o
 .text.EDMA_TCDSetMajorCompleteIntCmd
                0x000041d0       0x80 ./SDK/platform/drivers/src/edma/edma_driver.o
 .text.EDMA_DRV_InstallCallback
                0x00004250       0x44 ./SDK/platform/drivers/src/edma/edma_driver.o
                0x00004250                EDMA_DRV_InstallCallback
 .text.EDMA_DRV_ClearIntStatus
                0x00004294       0x58 ./SDK/platform/drivers/src/edma/edma_driver.o
 .text.EDMA_DRV_IRQHandler
                0x000042ec       0x50 ./SDK/platform/drivers/src/edma/edma_driver.o
                0x000042ec                EDMA_DRV_IRQHandler
 .text.EDMA_DRV_ErrorIRQHandler
                0x0000433c       0x98 ./SDK/platform/drivers/src/edma/edma_driver.o
                0x0000433c                EDMA_DRV_ErrorIRQHandler
 .text.EDMA_DRV_ConfigSingleBlockTransfer
                0x000043d4      0x204 ./SDK/platform/drivers/src/edma/edma_driver.o
                0x000043d4                EDMA_DRV_ConfigSingleBlockTransfer
 .text.EDMA_DRV_ConfigMultiBlockTransfer
                0x000045d8       0xb0 ./SDK/platform/drivers/src/edma/edma_driver.o
                0x000045d8                EDMA_DRV_ConfigMultiBlockTransfer
 .text.EDMA_DRV_StartChannel
                0x00004688       0x48 ./SDK/platform/drivers/src/edma/edma_driver.o
                0x00004688                EDMA_DRV_StartChannel
 .text.EDMA_DRV_StopChannel
                0x000046d0       0x48 ./SDK/platform/drivers/src/edma/edma_driver.o
                0x000046d0                EDMA_DRV_StopChannel
 .text.EDMA_DRV_SetSrcAddr
                0x00004718       0x48 ./SDK/platform/drivers/src/edma/edma_driver.o
                0x00004718                EDMA_DRV_SetSrcAddr
 .text.EDMA_DRV_SetMajorLoopIterationCount
                0x00004760       0x48 ./SDK/platform/drivers/src/edma/edma_driver.o
                0x00004760                EDMA_DRV_SetMajorLoopIterationCount
 .text.EDMA_DRV_GetRemainingMajorIterationsCount
                0x000047a8       0x4c ./SDK/platform/drivers/src/edma/edma_driver.o
                0x000047a8                EDMA_DRV_GetRemainingMajorIterationsCount
 .text.EDMA_DRV_GetDmaRegBaseAddr
                0x000047f4       0x18 ./SDK/platform/drivers/src/edma/edma_driver.o
                0x000047f4                EDMA_DRV_GetDmaRegBaseAddr
 .text.SIM_GetRtcClkSrc
                0x0000480c       0x1a ./SDK/platform/drivers/src/clock/S32K1xx/clock_S32K1xx.o
 .text.SIM_SetLpoClocks
                0x00004826       0x82 ./SDK/platform/drivers/src/clock/S32K1xx/clock_S32K1xx.o
 .text.SIM_SetEimClockGate
                0x000048a8       0x3e ./SDK/platform/drivers/src/clock/S32K1xx/clock_S32K1xx.o
 .text.SIM_GetEimClockGate
                0x000048e6       0x28 ./SDK/platform/drivers/src/clock/S32K1xx/clock_S32K1xx.o
 .text.SIM_SetErmClockGate
                0x0000490e       0x3e ./SDK/platform/drivers/src/clock/S32K1xx/clock_S32K1xx.o
 .text.SIM_GetErmClockGate
                0x0000494c       0x28 ./SDK/platform/drivers/src/clock/S32K1xx/clock_S32K1xx.o
 .text.SIM_SetDmaClockGate
                0x00004974       0x3e ./SDK/platform/drivers/src/clock/S32K1xx/clock_S32K1xx.o
 .text.SIM_GetDmaClockGate
                0x000049b2       0x28 ./SDK/platform/drivers/src/clock/S32K1xx/clock_S32K1xx.o
 .text.SIM_SetMpuClockGate
                0x000049da       0x3e ./SDK/platform/drivers/src/clock/S32K1xx/clock_S32K1xx.o
 .text.SIM_GetMpuClockGate
                0x00004a18       0x28 ./SDK/platform/drivers/src/clock/S32K1xx/clock_S32K1xx.o
 .text.SIM_SetMscmClockGate
                0x00004a40       0x3e ./SDK/platform/drivers/src/clock/S32K1xx/clock_S32K1xx.o
 .text.SIM_GetMscmClockGate
                0x00004a7e       0x26 ./SDK/platform/drivers/src/clock/S32K1xx/clock_S32K1xx.o
 .text.SIM_GetFtm0ExternalClkPinMode
                0x00004aa4       0x1a ./SDK/platform/drivers/src/clock/S32K1xx/clock_S32K1xx.o
 .text.SIM_GetFtm1ExternalClkPinMode
                0x00004abe       0x1a ./SDK/platform/drivers/src/clock/S32K1xx/clock_S32K1xx.o
 .text.SIM_GetLpo32KStatus
                0x00004ad8       0x1e ./SDK/platform/drivers/src/clock/S32K1xx/clock_S32K1xx.o
 .text.SIM_GetLpo1KStatus
                0x00004af6       0x1e ./SDK/platform/drivers/src/clock/S32K1xx/clock_S32K1xx.o
 .text.SIM_GetLpoClkSelectorValue
                0x00004b14       0x1a ./SDK/platform/drivers/src/clock/S32K1xx/clock_S32K1xx.o
 .text.SIM_GetClockoutStatus
                0x00004b2e       0x20 ./SDK/platform/drivers/src/clock/S32K1xx/clock_S32K1xx.o
 .text.SIM_GetClockoutDividerValue
                0x00004b4e       0x1a ./SDK/platform/drivers/src/clock/S32K1xx/clock_S32K1xx.o
 .text.SIM_GetClockoutSelectorValue
                0x00004b68       0x1a ./SDK/platform/drivers/src/clock/S32K1xx/clock_S32K1xx.o
 *fill*         0x00004b82        0x2 
 .text.SIM_SetClockout
                0x00004b84       0x6c ./SDK/platform/drivers/src/clock/S32K1xx/clock_S32K1xx.o
 .text.SIM_SetTraceClockSource
                0x00004bf0       0x3c ./SDK/platform/drivers/src/clock/S32K1xx/clock_S32K1xx.o
 .text.SIM_ClearTraceClockConfig
                0x00004c2c       0x1a ./SDK/platform/drivers/src/clock/S32K1xx/clock_S32K1xx.o
 .text.SIM_SetTraceClockConfig
                0x00004c46       0x44 ./SDK/platform/drivers/src/clock/S32K1xx/clock_S32K1xx.o
 .text.SCG_GetClockoutSourceSel
                0x00004c8a       0x1a ./SDK/platform/drivers/src/clock/S32K1xx/clock_S32K1xx.o
 .text.SCG_GetCurrentSystemClockSource
                0x00004ca4       0x1a ./SDK/platform/drivers/src/clock/S32K1xx/clock_S32K1xx.o
 .text.SCG_GetCurrentCoreClockDividerRatio
                0x00004cbe       0x1a ./SDK/platform/drivers/src/clock/S32K1xx/clock_S32K1xx.o
 .text.SCG_GetCurrentBusClockDividerRatio
                0x00004cd8       0x1a ./SDK/platform/drivers/src/clock/S32K1xx/clock_S32K1xx.o
 .text.SCG_GetCurrentSlowClockDividerRatio
                0x00004cf2       0x18 ./SDK/platform/drivers/src/clock/S32K1xx/clock_S32K1xx.o
 .text.SCG_SetRunClockControl
                0x00004d0a       0x46 ./SDK/platform/drivers/src/clock/S32K1xx/clock_S32K1xx.o
 .text.SCG_SetVlprClockControl
                0x00004d50       0x46 ./SDK/platform/drivers/src/clock/S32K1xx/clock_S32K1xx.o
 .text.SCG_GetFircFirstAsyncDivider
                0x00004d96       0x1c ./SDK/platform/drivers/src/clock/S32K1xx/clock_S32K1xx.o
 .text.SCG_GetFircSecondAsyncDivider
                0x00004db2       0x1e ./SDK/platform/drivers/src/clock/S32K1xx/clock_S32K1xx.o
 .text.SCG_SetFircAsyncConfig
                0x00004dd0       0x32 ./SDK/platform/drivers/src/clock/S32K1xx/clock_S32K1xx.o
 .text.SCG_GetSircFirstAsyncDivider
                0x00004e02       0x1c ./SDK/platform/drivers/src/clock/S32K1xx/clock_S32K1xx.o
 .text.SCG_GetSircSecondAsyncDivider
                0x00004e1e       0x1e ./SDK/platform/drivers/src/clock/S32K1xx/clock_S32K1xx.o
 .text.SCG_SetSircAsyncConfig
                0x00004e3c       0x32 ./SDK/platform/drivers/src/clock/S32K1xx/clock_S32K1xx.o
 .text.SCG_GetSoscFirstAsyncDivider
                0x00004e6e       0x1c ./SDK/platform/drivers/src/clock/S32K1xx/clock_S32K1xx.o
 .text.SCG_GetSoscSecondAsyncDivider
                0x00004e8a       0x1e ./SDK/platform/drivers/src/clock/S32K1xx/clock_S32K1xx.o
 .text.SCG_SetSoscAsyncConfig
                0x00004ea8       0x32 ./SDK/platform/drivers/src/clock/S32K1xx/clock_S32K1xx.o
 *fill*         0x00004eda        0x2 
 .text.SCG_SetClockoutSourceSel
                0x00004edc       0x3c ./SDK/platform/drivers/src/clock/S32K1xx/clock_S32K1xx.o
 .text.SCG_GetSircSystemClockMode
                0x00004f18       0x2c ./SDK/platform/drivers/src/clock/S32K1xx/clock_S32K1xx.o
 .text.SCG_GetSircStatus
                0x00004f44       0x24 ./SDK/platform/drivers/src/clock/S32K1xx/clock_S32K1xx.o
 .text.SCG_GetSircRange
                0x00004f68       0x1c ./SDK/platform/drivers/src/clock/S32K1xx/clock_S32K1xx.o
 .text.SCG_ClearSircLock
                0x00004f84       0x2c ./SDK/platform/drivers/src/clock/S32K1xx/clock_S32K1xx.o
 .text.SCG_ClearSircControl
                0x00004fb0       0x1a ./SDK/platform/drivers/src/clock/S32K1xx/clock_S32K1xx.o
 .text.SCG_SetSircConfiguration
                0x00004fca       0x28 ./SDK/platform/drivers/src/clock/S32K1xx/clock_S32K1xx.o
 .text.SCG_SetSircControl
                0x00004ff2       0x64 ./SDK/platform/drivers/src/clock/S32K1xx/clock_S32K1xx.o
 .text.SCG_GetFircSystemClockMode
                0x00005056       0x2c ./SDK/platform/drivers/src/clock/S32K1xx/clock_S32K1xx.o
 .text.SCG_GetFircStatus
                0x00005082       0x24 ./SDK/platform/drivers/src/clock/S32K1xx/clock_S32K1xx.o
 .text.SCG_GetFircRange
                0x000050a6       0x1c ./SDK/platform/drivers/src/clock/S32K1xx/clock_S32K1xx.o
 *fill*         0x000050c2        0x2 
 .text.SCG_ClearFircLock
                0x000050c4       0x2c ./SDK/platform/drivers/src/clock/S32K1xx/clock_S32K1xx.o
 .text.SCG_ClearFircControl
                0x000050f0       0x1c ./SDK/platform/drivers/src/clock/S32K1xx/clock_S32K1xx.o
 .text.SCG_SetFircConfiguration
                0x0000510c       0x28 ./SDK/platform/drivers/src/clock/S32K1xx/clock_S32K1xx.o
 .text.SCG_SetFircControl
                0x00005134       0x4c ./SDK/platform/drivers/src/clock/S32K1xx/clock_S32K1xx.o
 .text.SCG_GetSoscSystemClockMode
                0x00005180       0x2c ./SDK/platform/drivers/src/clock/S32K1xx/clock_S32K1xx.o
 .text.SCG_GetSoscStatus
                0x000051ac       0x24 ./SDK/platform/drivers/src/clock/S32K1xx/clock_S32K1xx.o
 .text.SCG_ClearSoscLock
                0x000051d0       0x2c ./SDK/platform/drivers/src/clock/S32K1xx/clock_S32K1xx.o
 .text.SCG_ClearSoscControl
                0x000051fc       0x1c ./SDK/platform/drivers/src/clock/S32K1xx/clock_S32K1xx.o
 .text.SCG_SetSoscConfiguration
                0x00005218       0x3c ./SDK/platform/drivers/src/clock/S32K1xx/clock_S32K1xx.o
 .text.SCG_SetSoscControl
                0x00005254       0x6c ./SDK/platform/drivers/src/clock/S32K1xx/clock_S32K1xx.o
 .text.PCC_SetPeripheralClockControl
                0x000052c0       0x74 ./SDK/platform/drivers/src/clock/S32K1xx/clock_S32K1xx.o
 .text.PCC_SetClockMode
                0x00005334       0x88 ./SDK/platform/drivers/src/clock/S32K1xx/clock_S32K1xx.o
 .text.PCC_GetClockMode
                0x000053bc       0x40 ./SDK/platform/drivers/src/clock/S32K1xx/clock_S32K1xx.o
 .text.PCC_GetClockSourceSel
                0x000053fc       0x34 ./SDK/platform/drivers/src/clock/S32K1xx/clock_S32K1xx.o
 .text.PCC_GetFracValueSel
                0x00005430       0x34 ./SDK/platform/drivers/src/clock/S32K1xx/clock_S32K1xx.o
 .text.PCC_GetDividerSel
                0x00005464       0x30 ./SDK/platform/drivers/src/clock/S32K1xx/clock_S32K1xx.o
 .text.PMC_SetLpoMode
                0x00005494       0x56 ./SDK/platform/drivers/src/clock/S32K1xx/clock_S32K1xx.o
 .text.PMC_GetLpoMode
                0x000054ea       0x34 ./SDK/platform/drivers/src/clock/S32K1xx/clock_S32K1xx.o
 .text.PMC_SetLpoTrimValue
                0x0000551e       0x98 ./SDK/platform/drivers/src/clock/S32K1xx/clock_S32K1xx.o
 .text.SMC_GetCurrentRunningMode
                0x000055b6       0x18 ./SDK/platform/drivers/src/clock/S32K1xx/clock_S32K1xx.o
 .text.CLOCK_DRV_Init
                0x000055ce       0x80 ./SDK/platform/drivers/src/clock/S32K1xx/clock_S32K1xx.o
                0x000055ce                CLOCK_DRV_Init
 *fill*         0x0000564e        0x2 
 .text.CLOCK_SYS_SetScgConfiguration
                0x00005650       0xc8 ./SDK/platform/drivers/src/clock/S32K1xx/clock_S32K1xx.o
 .text.CLOCK_SYS_SetPccConfiguration
                0x00005718       0xb8 ./SDK/platform/drivers/src/clock/S32K1xx/clock_S32K1xx.o
 .text.CLOCK_SYS_SetSimConfiguration
                0x000057d0      0x154 ./SDK/platform/drivers/src/clock/S32K1xx/clock_S32K1xx.o
 .text.CLOCK_SYS_SetPmcConfiguration
                0x00005924       0x3c ./SDK/platform/drivers/src/clock/S32K1xx/clock_S32K1xx.o
 .text.CLOCK_SYS_GetDefaultConfiguration
                0x00005960      0x228 ./SDK/platform/drivers/src/clock/S32K1xx/clock_S32K1xx.o
 .text.CLOCK_SYS_GetScgClockFreq
                0x00005b88      0x10c ./SDK/platform/drivers/src/clock/S32K1xx/clock_S32K1xx.o
 .text.CLOCK_SYS_GetSimClockFreq
                0x00005c94      0x204 ./SDK/platform/drivers/src/clock/S32K1xx/clock_S32K1xx.o
 .text.CLOCK_SYS_CheckPCCClock
                0x00005e98       0x90 ./SDK/platform/drivers/src/clock/S32K1xx/clock_S32K1xx.o
 .text.CLOCK_SYS_GetPccClockFreq
                0x00005f28      0x13c ./SDK/platform/drivers/src/clock/S32K1xx/clock_S32K1xx.o
 .text.CLOCK_DRV_GetFreq
                0x00006064       0x84 ./SDK/platform/drivers/src/clock/S32K1xx/clock_S32K1xx.o
                0x00006064                CLOCK_DRV_GetFreq
 .text.CLOCK_SYS_GetPeripheralClock
                0x000060e8       0xd4 ./SDK/platform/drivers/src/clock/S32K1xx/clock_S32K1xx.o
 .text.CLOCK_SYS_GetCurrentRunMode
                0x000061bc       0x50 ./SDK/platform/drivers/src/clock/S32K1xx/clock_S32K1xx.o
 .text.CLOCK_SYS_TransitionSystemClock
                0x0000620c       0x80 ./SDK/platform/drivers/src/clock/S32K1xx/clock_S32K1xx.o
 .text.CLOCK_SYS_GetSimClkOutFreq
                0x0000628c       0xc8 ./SDK/platform/drivers/src/clock/S32K1xx/clock_S32K1xx.o
 .text.CLOCK_SYS_GetScgClkOutFreq
                0x00006354       0x60 ./SDK/platform/drivers/src/clock/S32K1xx/clock_S32K1xx.o
 .text.CLOCK_SYS_GetSimRtcClkFreq
                0x000063b4       0x74 ./SDK/platform/drivers/src/clock/S32K1xx/clock_S32K1xx.o
 .text.CLOCK_SYS_ConfigureSIRC
                0x00006428      0x100 ./SDK/platform/drivers/src/clock/S32K1xx/clock_S32K1xx.o
 .text.CLOCK_SYS_ConfigureFIRC
                0x00006528       0xf4 ./SDK/platform/drivers/src/clock/S32K1xx/clock_S32K1xx.o
 .text.CLOCK_SYS_ConfigureSOSC
                0x0000661c      0x160 ./SDK/platform/drivers/src/clock/S32K1xx/clock_S32K1xx.o
 .text.CLOCK_SYS_ConfigureTemporarySystemClock
                0x0000677c       0x78 ./SDK/platform/drivers/src/clock/S32K1xx/clock_S32K1xx.o
 .text.CLOCK_SYS_ConfigureModulesFromScg
                0x000067f4      0x1f8 ./SDK/platform/drivers/src/clock/S32K1xx/clock_S32K1xx.o
 .text.CLOCK_SYS_GetSystemClockFreq
                0x000069ec       0xbc ./SDK/platform/drivers/src/clock/S32K1xx/clock_S32K1xx.o
 .text.CLOCK_SYS_GetSrcFreq
                0x00006aa8       0x4e ./SDK/platform/drivers/src/clock/S32K1xx/clock_S32K1xx.o
 *fill*         0x00006af6        0x2 
 .text.CLOCK_SYS_SetSystemClockConfig
                0x00006af8      0x19c ./SDK/platform/drivers/src/clock/S32K1xx/clock_S32K1xx.o
 .text.CLOCK_SYS_GetSysAsyncFreq
                0x00006c94      0x108 ./SDK/platform/drivers/src/clock/S32K1xx/clock_S32K1xx.o
 .text.CLOCK_SYS_GetSysOscFreq
                0x00006d9c       0x30 ./SDK/platform/drivers/src/clock/S32K1xx/clock_S32K1xx.o
 .text.CLOCK_SYS_GetSircFreq
                0x00006dcc       0x38 ./SDK/platform/drivers/src/clock/S32K1xx/clock_S32K1xx.o
 .text.CLOCK_SYS_GetFircFreq
                0x00006e04       0x3c ./SDK/platform/drivers/src/clock/S32K1xx/clock_S32K1xx.o
 .text.CLOCK_SYS_GetLpoFreq
                0x00006e40       0x70 ./SDK/platform/drivers/src/clock/S32K1xx/clock_S32K1xx.o
 .text.CLOCK_SYS_Init
                0x00006eb0       0x58 ./SDK/platform/drivers/src/clock/S32K1xx/clock_S32K1xx.o
                0x00006eb0                CLOCK_SYS_Init
 .text.CLOCK_SYS_UpdateConfiguration
                0x00006f08      0x1f8 ./SDK/platform/drivers/src/clock/S32K1xx/clock_S32K1xx.o
                0x00006f08                CLOCK_SYS_UpdateConfiguration
 .text.CLOCK_SYS_GetFreq
                0x00007100       0x26 ./SDK/platform/drivers/src/clock/S32K1xx/clock_S32K1xx.o
                0x00007100                CLOCK_SYS_GetFreq
 .text.CLOCK_SYS_SetConfiguration
                0x00007126       0x1a ./SDK/platform/drivers/src/clock/S32K1xx/clock_S32K1xx.o
                0x00007126                CLOCK_SYS_SetConfiguration
 .text.init_data_bss
                0x00007140      0x128 ./SDK/platform/devices/startup.o
                0x00007140                init_data_bss
 .text.SystemInit
                0x00007268       0x30 ./SDK/platform/devices/S32K118/startup/system_S32K118.o
                0x00007268                SystemInit
 .text.SystemSoftwareReset
                0x00007298       0x44 ./SDK/platform/devices/S32K118/startup/system_S32K118.o
                0x00007298                SystemSoftwareReset
 *(.rodata)
 .rodata        0x000072dc        0x4 ./SDK/platform/drivers/src/lpit/lpit_driver.o
 *(.rodata*)
 .rodata.Flash_InitConfig0
                0x000072e0       0x14 ./Sources/mem_man.o
                0x000072e0                Flash_InitConfig0
 .rodata.s_lpuartBase
                0x000072f4        0x8 ./Sources/comm.o
 .rodata.s_lpuartBase
                0x000072fc        0x8 ./SDK/platform/drivers/src/lpuart/lpuart_driver.o
 .rodata.s_lpuartRxTxIrqId
                0x00007304        0x2 ./SDK/platform/drivers/src/lpuart/lpuart_driver.o
 *fill*         0x00007306        0x2 
 .rodata.s_lpuartClkNames
                0x00007308        0x2 ./SDK/platform/drivers/src/lpuart/lpuart_driver.o
 *fill*         0x0000730a        0x2 
 .rodata.clockNameMappings
                0x0000730c       0x8c ./SDK/platform/drivers/src/clock/S32K1xx/clock_S32K1xx.o
                0x0000730c                clockNameMappings
 .rodata.peripheralFeaturesList
                0x00007398       0x46 ./SDK/platform/drivers/src/clock/S32K1xx/clock_S32K1xx.o
                0x00007398                peripheralFeaturesList
 *fill*         0x000073de        0x2 
 .rodata.CLOCK_SYS_GetScgClockFreq
                0x000073e0       0x40 ./SDK/platform/drivers/src/clock/S32K1xx/clock_S32K1xx.o
 .rodata.CLOCK_SYS_GetSimClockFreq
                0x00007420       0x34 ./SDK/platform/drivers/src/clock/S32K1xx/clock_S32K1xx.o
 .rodata.CLOCK_SYS_GetSimClkOutFreq
                0x00007454       0x3c ./SDK/platform/drivers/src/clock/S32K1xx/clock_S32K1xx.o
 .rodata.tmpSysClk.6184
                0x00007490        0xc ./SDK/platform/drivers/src/clock/S32K1xx/clock_S32K1xx.o
 .rodata.tmpSysClk.6191
                0x0000749c        0xc ./SDK/platform/drivers/src/clock/S32K1xx/clock_S32K1xx.o
 .rodata.maxSysClksInRUN.6226
                0x000074a8       0x54 ./SDK/platform/drivers/src/clock/S32K1xx/clock_S32K1xx.o
 .rodata.maxSysClksInVLPR.6225
                0x000074fc       0x54 ./SDK/platform/drivers/src/clock/S32K1xx/clock_S32K1xx.o
 .rodata.fircFreq.6266
                0x00007550        0x4 ./SDK/platform/drivers/src/clock/S32K1xx/clock_S32K1xx.o
 .rodata.lpuart0_InitConfig0
                0x00007554        0xc ./Generated_Code/lpuart0.o
                0x00007554                lpuart0_InitConfig0
 .rodata.lpit0_InitConfig
                0x00007560        0x2 ./Generated_Code/lpit0.o
                0x00007560                lpit0_InitConfig
 *(.init)
 *(.fini)
 *(.eh_frame)
                0x00007564                . = ALIGN (0x4)
 *fill*         0x00007562        0x2 

.glue_7         0x00007564        0x0
 .glue_7        0x00007564        0x0 linker stubs

.glue_7t        0x00007564        0x0
 .glue_7t       0x00007564        0x0 linker stubs

.vfp11_veneer   0x00007564        0x0
 .vfp11_veneer  0x00007564        0x0 linker stubs

.v4_bx          0x00007564        0x0
 .v4_bx         0x00007564        0x0 linker stubs

.iplt           0x00007564        0x0
 .iplt          0x00007564        0x0 C:/NXP/S32DS_ARM_v2018.R1/S32DS/arm32_ewl2/lib/thumb/v6-m/__arm_start.o

.ARM            0x00007564        0x8
                0x00007564                __exidx_start = .
 *(.ARM.exidx*)
 .ARM.exidx     0x00007564        0x8 c:/nxp/s32ds_arm_v2018.r1/cross_tools/gcc-6.3-arm32-eabi/bin/../lib/gcc/arm-none-eabi/6.3.1/thumb/v6-m\libgcc.a(_udivmoddi4.o)
                0x0000756c                __exidx_end = .
                0x0000756c                __etext = .
                0x0000756c                __DATA_ROM = .

.interrupts_ram
                0x20000000       0xc0
                0x20000000                . = ALIGN (0x4)
                0x20000000                __VECTOR_RAM__ = .
                0x20000000                __RAM_START = .
                0x20000000                __interrupts_ram_start__ = .
 *(.m_interrupts_ram)
                0x200000c0                . = (. + M_VECTOR_RAM_SIZE)
 *fill*         0x20000000       0xc0 
                0x200000c0                . = ALIGN (0x4)
                0x200000c0                __interrupts_ram_end__ = .
                0x20000000                __VECTOR_RAM = DEFINED (__flash_vector_table__)?ORIGIN (m_interrupts):__VECTOR_RAM__
                0x000000c0                __RAM_VECTOR_TABLE_SIZE = DEFINED (__flash_vector_table__)?0x0:(__interrupts_ram_end__ - __interrupts_ram_start__)

.data           0x200000c0      0x170 load address 0x0000756c
                0x200000c0                . = ALIGN (0x4)
                0x200000c0                __DATA_RAM = .
                0x200000c0                __data_start__ = .
 *(.data)
 *(.data*)
 .data.g_lpuartIsr
                0x200000c0        0x8 ./SDK/platform/drivers/src/lpuart/lpuart_irq.o
                0x200000c0                g_lpuartIsr
 .data.peripheralClockConfig.6017
                0x200000c8       0x73 ./SDK/platform/drivers/src/clock/S32K1xx/clock_S32K1xx.o
 *fill*         0x2000013b        0x1 
 .data.g_pin_mux_InitConfigArr
                0x2000013c       0x30 ./Generated_Code/pin_mux.o
                0x2000013c                g_pin_mux_InitConfigArr
 .data.lpit0_ChnConfig0
                0x2000016c       0x18 ./Generated_Code/lpit0.o
                0x2000016c                lpit0_ChnConfig0
 .data.peripheralClockConfig0
                0x20000184       0x2d ./Generated_Code/clockMan1.o
                0x20000184                peripheralClockConfig0
 *fill*         0x200001b1        0x3 
 .data.clockMan1_InitConfig0
                0x200001b4       0x78 ./Generated_Code/clockMan1.o
                0x200001b4                clockMan1_InitConfig0
 .data.g_clockManConfigsArr
                0x2000022c        0x4 ./Generated_Code/clockMan1.o
                0x2000022c                g_clockManConfigsArr
                0x20000230                . = ALIGN (0x4)
                0x20000230                __data_end__ = .
                0x000076dc                __DATA_END = (__DATA_ROM + (__data_end__ - __data_start__))
                0x000076dc                __CODE_ROM = __DATA_END

.igot.plt       0x20000230        0x0 load address 0x000076dc
 .igot.plt      0x20000230        0x0 C:/NXP/S32DS_ARM_v2018.R1/S32DS/arm32_ewl2/lib/thumb/v6-m/__arm_start.o

.code           0x20000230       0x60 load address 0x000076dc
                0x20000230                . = ALIGN (0x4)
                0x20000230                __CODE_RAM = .
                0x20000230                __code_start__ = .
                0x20000230                __code_ram_start__ = .
 *(.code_ram)
 .code_ram      0x20000230       0x60 ./Sources/fsl_flash_driver_c90tfs.o
                0x20000230                FlashCommandSequence
                0x20000290                . = ALIGN (0x4)
                0x20000290                __code_end__ = .
                0x20000290                __code_ram_end__ = .
                0x0000773c                __CODE_END = (__CODE_ROM + (__code_end__ - __code_start__))
                0x0000773c                __CUSTOM_ROM = __CODE_END

.rel.dyn        0x20000290        0x0 load address 0x0000773c
 .rel.iplt      0x20000290        0x0 C:/NXP/S32DS_ARM_v2018.R1/S32DS/arm32_ewl2/lib/thumb/v6-m/__arm_start.o

.customSectionBlock
                0x1ffffc00        0x0 load address 0x0000773c
                0x1ffffc00                __customSectionStart = .
                0x1ffffc00                __customSection_start__ = .
 *(.customSection)
                0x1ffffc00                __customSection_end__ = .
                0x0000773c                __CUSTOM_END = (__CUSTOM_ROM + (__customSection_end__ - __customSection_start__))

.bss            0x200030c0      0x4bc
                0x200030c0                . = ALIGN (0x4)
                0x200030c0                __BSS_START = .
                0x200030c0                __bss_start__ = .
 *(.bss)
 *(.bss*)
 .bss.is_mem_init
                0x200030c0        0x1 ./Sources/mem_man.o
                0x200030c0                is_mem_init
 *fill*         0x200030c1        0x3 
 .bss.flash_last_erased_sec
                0x200030c4        0x4 ./Sources/mem_man.o
                0x200030c4                flash_last_erased_sec
 .bss.lpit_cnt  0x200030c8        0x2 ./Sources/lpit_user_if.o
 .bss.selected_comm
                0x200030ca        0x1 ./Sources/comm.o
                0x200030ca                selected_comm
 *fill*         0x200030cb        0x1 
 .bss.start_address
                0x200030cc        0x4 ./Sources/comm.o
                0x200030cc                start_address
 .bss.s_osif_tick_cnt
                0x200030d0        0x4 ./SDK/rtos/osif/osif_baremetal.o
 .bss.s_lpuartStatePtr
                0x200030d4        0x8 ./SDK/platform/drivers/src/lpuart/lpuart_driver.o
 .bss.s_lpitSourceClockFrequency
                0x200030dc        0x4 ./SDK/platform/drivers/src/lpit/lpit_driver.o
 .bss.g_interruptDisableCount
                0x200030e0        0x4 ./SDK/platform/drivers/src/interrupt/interrupt_manager.o
 .bss.s_virtEdmaState
                0x200030e4        0x4 ./SDK/platform/drivers/src/edma/edma_driver.o
 .bss.g_clockState
                0x200030e8       0x10 ./SDK/platform/drivers/src/clock/S32K1xx/clock_S32K1xx.o
 .bss.g_clockManCallbacksArr
                0x200030f8        0x4 ./Generated_Code/clockMan1.o
                0x200030f8                g_clockManCallbacksArr
 *(COMMON)
 COMMON         0x200030fc      0x430 ./Sources/mem_man.o
                0x200030fc                flashSSDConfig
                0x20003118                callback_in_ram
                0x20003318                flashUserConfig
                0x2000332c                cmd_sequence_in_ram
 COMMON         0x2000352c        0x5 ./Sources/main.o
                0x2000352c                p_jump_to_app
                0x20003530                wait_timeout
 *fill*         0x20003531        0x3 
 COMMON         0x20003534       0x14 ./SDK/platform/drivers/src/clock/S32K1xx/clock_S32K1xx.o
                0x20003534                g_xtal0ClkFreq
                0x20003538                g_RtcClkInFreq
                0x2000353c                g_TClkFreq
 COMMON         0x20003548       0x34 ./Generated_Code/lpuart0.o
                0x20003548                lpuart0_State
                0x2000357c                . = ALIGN (0x4)
                0x2000357c                __bss_end__ = .
                0x2000357c                __BSS_END = .

.heap           0x2000357c      0x204
                0x20003580                . = ALIGN (0x8)
 *fill*         0x2000357c        0x4 
                0x20003580                __end__ = .
                0x20003580                __heap_start__ = .
                [!provide]                PROVIDE (end, .)
                [!provide]                PROVIDE (_end, .)
                [!provide]                PROVIDE (__end, .)
                0x20003580                __HeapBase = .
                0x20003780                . = (. + HEAP_SIZE)
 *fill*         0x20003580      0x200 
                0x20003780                __HeapLimit = .
                0x20003780                __heap_limit = .
                0x20003780                __heap_end__ = .
                0x20005800                __StackTop = (ORIGIN (m_data_2) + LENGTH (m_data_2))
                0x20005600                __StackLimit = (__StackTop - STACK_SIZE)
                [!provide]                PROVIDE (__stack, __StackTop)
                0x20005800                __RAM_END = __StackTop

.stack          0x20005600      0x200
                0x20005600                . = ALIGN (0x8)
                0x20005600                __stack_start__ = .
                0x20005800                . = (. + STACK_SIZE)
 *fill*         0x20005600      0x200 
                0x20005800                __stack_end__ = .

.ARM.attributes
                0x00000000       0x2f
 *(.ARM.attributes)
 .ARM.attributes
                0x00000000       0x32 ./Sources/mem_man.o
 .ARM.attributes
                0x00000032       0x32 ./Sources/main.o
 .ARM.attributes
                0x00000064       0x32 ./Sources/lpit_user_if.o
 .ARM.attributes
                0x00000096       0x32 ./Sources/fsl_flash_driver_c90tfs.o
 .ARM.attributes
                0x000000c8       0x32 ./Sources/comm.o
 .ARM.attributes
                0x000000fa       0x32 ./SDK/rtos/osif/osif_baremetal.o
 .ARM.attributes
                0x0000012c       0x32 ./SDK/platform/drivers/src/pins/pins_port_hw_access.o
 .ARM.attributes
                0x0000015e       0x32 ./SDK/platform/drivers/src/pins/pins_driver.o
 .ARM.attributes
                0x00000190       0x32 ./SDK/platform/drivers/src/lpuart/lpuart_irq.o
 .ARM.attributes
                0x000001c2       0x32 ./SDK/platform/drivers/src/lpuart/lpuart_hw_access.o
 .ARM.attributes
                0x000001f4       0x32 ./SDK/platform/drivers/src/lpuart/lpuart_driver.o
 .ARM.attributes
                0x00000226       0x32 ./SDK/platform/drivers/src/lpit/lpit_driver.o
 .ARM.attributes
                0x00000258       0x32 ./SDK/platform/drivers/src/interrupt/interrupt_manager.o
 .ARM.attributes
                0x0000028a       0x32 ./SDK/platform/drivers/src/edma/edma_irq.o
 .ARM.attributes
                0x000002bc       0x32 ./SDK/platform/drivers/src/edma/edma_hw_access.o
 .ARM.attributes
                0x000002ee       0x32 ./SDK/platform/drivers/src/edma/edma_driver.o
 .ARM.attributes
                0x00000320       0x32 ./SDK/platform/drivers/src/clock/S32K1xx/clock_S32K1xx.o
 .ARM.attributes
                0x00000352       0x32 ./SDK/platform/devices/startup.o
 .ARM.attributes
                0x00000384       0x32 ./SDK/platform/devices/S32K118/startup/system_S32K118.o
 .ARM.attributes
                0x000003b6       0x1b ./Project_Settings/Startup_Code/startup_S32K118.o
 .ARM.attributes
                0x000003d1       0x32 ./Generated_Code/pin_mux.o
 .ARM.attributes
                0x00000403       0x32 ./Generated_Code/lpuart0.o
 .ARM.attributes
                0x00000435       0x32 ./Generated_Code/lpit0.o
 .ARM.attributes
                0x00000467       0x32 ./Generated_Code/clockMan1.o
 .ARM.attributes
                0x00000499       0x1e c:/nxp/s32ds_arm_v2018.r1/cross_tools/gcc-6.3-arm32-eabi/bin/../lib/gcc/arm-none-eabi/6.3.1/thumb/v6-m\libgcc.a(_udivsi3.o)
 .ARM.attributes
                0x000004b7       0x1e c:/nxp/s32ds_arm_v2018.r1/cross_tools/gcc-6.3-arm32-eabi/bin/../lib/gcc/arm-none-eabi/6.3.1/thumb/v6-m\libgcc.a(_dvmd_tls.o)
 .ARM.attributes
                0x000004d5       0x1e c:/nxp/s32ds_arm_v2018.r1/cross_tools/gcc-6.3-arm32-eabi/bin/../lib/gcc/arm-none-eabi/6.3.1/thumb/v6-m\libgcc.a(_aeabi_uldivmod.o)
 .ARM.attributes
                0x000004f3       0x2c c:/nxp/s32ds_arm_v2018.r1/cross_tools/gcc-6.3-arm32-eabi/bin/../lib/gcc/arm-none-eabi/6.3.1/thumb/v6-m\libgcc.a(_muldi3.o)
 .ARM.attributes
                0x0000051f       0x2c c:/nxp/s32ds_arm_v2018.r1/cross_tools/gcc-6.3-arm32-eabi/bin/../lib/gcc/arm-none-eabi/6.3.1/thumb/v6-m\libgcc.a(_udivmoddi4.o)
 .ARM.attributes
                0x0000054b       0x1e c:/nxp/s32ds_arm_v2018.r1/cross_tools/gcc-6.3-arm32-eabi/bin/../lib/gcc/arm-none-eabi/6.3.1/thumb/v6-m\libgcc.a(_clzdi2.o)
 .ARM.attributes
                0x00000569       0x1e c:/nxp/s32ds_arm_v2018.r1/cross_tools/gcc-6.3-arm32-eabi/bin/../lib/gcc/arm-none-eabi/6.3.1/thumb/v6-m\libgcc.a(_clzsi2.o)
                0x00000001                ASSERT ((__StackLimit >= __HeapLimit), region m_data_2 overflowed with stack and heap)
OUTPUT(s32k118_uart_bootloader.elf elf32-littlearm)

.debug_info     0x00000000    0x19698
 .debug_info    0x00000000      0x43d ./Sources/mem_man.o
 .debug_info    0x0000043d     0x1d29 ./Sources/main.o
 .debug_info    0x00002166     0x1cb5 ./Sources/lpit_user_if.o
 .debug_info    0x00003e1b      0xabe ./Sources/fsl_flash_driver_c90tfs.o
 .debug_info    0x000048d9     0x21bc ./Sources/comm.o
 .debug_info    0x00006a95      0x89d ./SDK/rtos/osif/osif_baremetal.o
 .debug_info    0x00007332      0x5e8 ./SDK/platform/drivers/src/pins/pins_port_hw_access.o
 .debug_info    0x0000791a     0x106a ./SDK/platform/drivers/src/pins/pins_driver.o
 .debug_info    0x00008984       0xd3 ./SDK/platform/drivers/src/lpuart/lpuart_irq.o
 .debug_info    0x00008a57      0x8bc ./SDK/platform/drivers/src/lpuart/lpuart_hw_access.o
 .debug_info    0x00009313     0x1bdc ./SDK/platform/drivers/src/lpuart/lpuart_driver.o
 .debug_info    0x0000aeef     0x1496 ./SDK/platform/drivers/src/lpit/lpit_driver.o
 .debug_info    0x0000c385      0x690 ./SDK/platform/drivers/src/interrupt/interrupt_manager.o
 .debug_info    0x0000ca15      0x44a ./SDK/platform/drivers/src/edma/edma_irq.o
 .debug_info    0x0000ce5f      0x905 ./SDK/platform/drivers/src/edma/edma_hw_access.o
 .debug_info    0x0000d764     0x27d7 ./SDK/platform/drivers/src/edma/edma_driver.o
 .debug_info    0x0000ff3b     0x3934 ./SDK/platform/drivers/src/clock/S32K1xx/clock_S32K1xx.o
 .debug_info    0x0001386f      0x3be ./SDK/platform/devices/startup.o
 .debug_info    0x00013c2d      0x3df ./SDK/platform/devices/S32K118/startup/system_S32K118.o
 .debug_info    0x0001400c       0x26 ./Project_Settings/Startup_Code/startup_S32K118.o
 .debug_info    0x00014032      0x3ee ./Generated_Code/pin_mux.o
 .debug_info    0x00014420     0x1b74 ./Generated_Code/lpuart0.o
 .debug_info    0x00015f94     0x1b74 ./Generated_Code/lpit0.o
 .debug_info    0x00017b08     0x1b90 ./Generated_Code/clockMan1.o

.debug_abbrev   0x00000000     0x27dd
 .debug_abbrev  0x00000000      0x193 ./Sources/mem_man.o
 .debug_abbrev  0x00000193      0x1e2 ./Sources/main.o
 .debug_abbrev  0x00000375      0x18e ./Sources/lpit_user_if.o
 .debug_abbrev  0x00000503      0x1f2 ./Sources/fsl_flash_driver_c90tfs.o
 .debug_abbrev  0x000006f5      0x30f ./Sources/comm.o
 .debug_abbrev  0x00000a04      0x22c ./SDK/rtos/osif/osif_baremetal.o
 .debug_abbrev  0x00000c30      0x157 ./SDK/platform/drivers/src/pins/pins_port_hw_access.o
 .debug_abbrev  0x00000d87      0x23d ./SDK/platform/drivers/src/pins/pins_driver.o
 .debug_abbrev  0x00000fc4       0x92 ./SDK/platform/drivers/src/lpuart/lpuart_irq.o
 .debug_abbrev  0x00001056      0x182 ./SDK/platform/drivers/src/lpuart/lpuart_hw_access.o
 .debug_abbrev  0x000011d8      0x28d ./SDK/platform/drivers/src/lpuart/lpuart_driver.o
 .debug_abbrev  0x00001465      0x24c ./SDK/platform/drivers/src/lpit/lpit_driver.o
 .debug_abbrev  0x000016b1      0x1a4 ./SDK/platform/drivers/src/interrupt/interrupt_manager.o
 .debug_abbrev  0x00001855      0x169 ./SDK/platform/drivers/src/edma/edma_irq.o
 .debug_abbrev  0x000019be      0x1cc ./SDK/platform/drivers/src/edma/edma_hw_access.o
 .debug_abbrev  0x00001b8a      0x2af ./SDK/platform/drivers/src/edma/edma_driver.o
 .debug_abbrev  0x00001e39      0x2c4 ./SDK/platform/drivers/src/clock/S32K1xx/clock_S32K1xx.o
 .debug_abbrev  0x000020fd      0x108 ./SDK/platform/devices/startup.o
 .debug_abbrev  0x00002205      0x13f ./SDK/platform/devices/S32K118/startup/system_S32K118.o
 .debug_abbrev  0x00002344       0x14 ./Project_Settings/Startup_Code/startup_S32K118.o
 .debug_abbrev  0x00002358       0xcd ./Generated_Code/pin_mux.o
 .debug_abbrev  0x00002425      0x139 ./Generated_Code/lpuart0.o
 .debug_abbrev  0x0000255e      0x139 ./Generated_Code/lpit0.o
 .debug_abbrev  0x00002697      0x146 ./Generated_Code/clockMan1.o

.debug_aranges  0x00000000      0xfb8
 .debug_aranges
                0x00000000       0x28 ./Sources/mem_man.o
 .debug_aranges
                0x00000028       0x30 ./Sources/main.o
 .debug_aranges
                0x00000058       0x28 ./Sources/lpit_user_if.o
 .debug_aranges
                0x00000080       0xa8 ./Sources/fsl_flash_driver_c90tfs.o
 .debug_aranges
                0x00000128       0x98 ./Sources/comm.o
 .debug_aranges
                0x000001c0       0x98 ./SDK/rtos/osif/osif_baremetal.o
 .debug_aranges
                0x00000258       0x40 ./SDK/platform/drivers/src/pins/pins_port_hw_access.o
 .debug_aranges
                0x00000298      0x168 ./SDK/platform/drivers/src/pins/pins_driver.o
 .debug_aranges
                0x00000400       0x28 ./SDK/platform/drivers/src/lpuart/lpuart_irq.o
 .debug_aranges
                0x00000428       0x78 ./SDK/platform/drivers/src/lpuart/lpuart_hw_access.o
 .debug_aranges
                0x000004a0      0x1a0 ./SDK/platform/drivers/src/lpuart/lpuart_driver.o
 .debug_aranges
                0x00000640      0x160 ./SDK/platform/drivers/src/lpit/lpit_driver.o
 .debug_aranges
                0x000007a0       0x68 ./SDK/platform/drivers/src/interrupt/interrupt_manager.o
 .debug_aranges
                0x00000808       0x48 ./SDK/platform/drivers/src/edma/edma_irq.o
 .debug_aranges
                0x00000850       0x88 ./SDK/platform/drivers/src/edma/edma_hw_access.o
 .debug_aranges
                0x000008d8      0x228 ./SDK/platform/drivers/src/edma/edma_driver.o
 .debug_aranges
                0x00000b00      0x3e8 ./SDK/platform/drivers/src/clock/S32K1xx/clock_S32K1xx.o
 .debug_aranges
                0x00000ee8       0x20 ./SDK/platform/devices/startup.o
 .debug_aranges
                0x00000f08       0x30 ./SDK/platform/devices/S32K118/startup/system_S32K118.o
 .debug_aranges
                0x00000f38       0x20 ./Project_Settings/Startup_Code/startup_S32K118.o
 .debug_aranges
                0x00000f58       0x18 ./Generated_Code/pin_mux.o
 .debug_aranges
                0x00000f70       0x18 ./Generated_Code/lpuart0.o
 .debug_aranges
                0x00000f88       0x18 ./Generated_Code/lpit0.o
 .debug_aranges
                0x00000fa0       0x18 ./Generated_Code/clockMan1.o

.debug_ranges   0x00000000      0xe08
 .debug_ranges  0x00000000       0x18 ./Sources/mem_man.o
 .debug_ranges  0x00000018       0x20 ./Sources/main.o
 .debug_ranges  0x00000038       0x18 ./Sources/lpit_user_if.o
 .debug_ranges  0x00000050       0x98 ./Sources/fsl_flash_driver_c90tfs.o
 .debug_ranges  0x000000e8       0x88 ./Sources/comm.o
 .debug_ranges  0x00000170       0x88 ./SDK/rtos/osif/osif_baremetal.o
 .debug_ranges  0x000001f8       0x30 ./SDK/platform/drivers/src/pins/pins_port_hw_access.o
 .debug_ranges  0x00000228      0x158 ./SDK/platform/drivers/src/pins/pins_driver.o
 .debug_ranges  0x00000380       0x18 ./SDK/platform/drivers/src/lpuart/lpuart_irq.o
 .debug_ranges  0x00000398       0x68 ./SDK/platform/drivers/src/lpuart/lpuart_hw_access.o
 .debug_ranges  0x00000400      0x190 ./SDK/platform/drivers/src/lpuart/lpuart_driver.o
 .debug_ranges  0x00000590      0x150 ./SDK/platform/drivers/src/lpit/lpit_driver.o
 .debug_ranges  0x000006e0       0x58 ./SDK/platform/drivers/src/interrupt/interrupt_manager.o
 .debug_ranges  0x00000738       0x38 ./SDK/platform/drivers/src/edma/edma_irq.o
 .debug_ranges  0x00000770       0x78 ./SDK/platform/drivers/src/edma/edma_hw_access.o
 .debug_ranges  0x000007e8      0x218 ./SDK/platform/drivers/src/edma/edma_driver.o
 .debug_ranges  0x00000a00      0x3d8 ./SDK/platform/drivers/src/clock/S32K1xx/clock_S32K1xx.o
 .debug_ranges  0x00000dd8       0x10 ./SDK/platform/devices/startup.o
 .debug_ranges  0x00000de8       0x20 ./SDK/platform/devices/S32K118/startup/system_S32K118.o

.debug_macro    0x00000000    0x1db1d
 .debug_macro   0x00000000      0x150 ./Sources/mem_man.o
 .debug_macro   0x00000150      0x8c2 ./Sources/mem_man.o
 .debug_macro   0x00000a12       0x52 ./Sources/mem_man.o
 .debug_macro   0x00000a64       0xa0 ./Sources/mem_man.o
 .debug_macro   0x00000b04       0x16 ./Sources/mem_man.o
 .debug_macro   0x00000b1a       0x64 ./Sources/mem_man.o
 .debug_macro   0x00000b7e      0x185 ./Sources/mem_man.o
 .debug_macro   0x00000d03      0x140 ./Sources/mem_man.o
 .debug_macro   0x00000e43       0x1c ./Sources/mem_man.o
 .debug_macro   0x00000e5f       0x16 ./Sources/mem_man.o
 .debug_macro   0x00000e75       0x28 ./Sources/mem_man.o
 .debug_macro   0x00000e9d       0x10 ./Sources/mem_man.o
 .debug_macro   0x00000ead       0x16 ./Sources/mem_man.o
 .debug_macro   0x00000ec3       0x16 ./Sources/mem_man.o
 .debug_macro   0x00000ed9       0x10 ./Sources/mem_man.o
 .debug_macro   0x00000ee9       0x73 ./Sources/mem_man.o
 .debug_macro   0x00000f5c       0x16 ./Sources/mem_man.o
 .debug_macro   0x00000f72       0x9d ./Sources/mem_man.o
 .debug_macro   0x0000100f      0x1af ./Sources/mem_man.o
 .debug_macro   0x000011be     0xc7f2 ./Sources/mem_man.o
 .debug_macro   0x0000d9b0      0x9c9 ./Sources/mem_man.o
 .debug_macro   0x0000e379       0x10 ./Sources/mem_man.o
 .debug_macro   0x0000e389      0x50c ./Sources/mem_man.o
 .debug_macro   0x0000e895       0x1c ./Sources/mem_man.o
 .debug_macro   0x0000e8b1      0x275 ./Sources/main.o
 .debug_macro   0x0000eb26      0x15b ./Sources/main.o
 .debug_macro   0x0000ec81       0x58 ./Sources/main.o
 .debug_macro   0x0000ecd9       0x22 ./Sources/main.o
 .debug_macro   0x0000ecfb       0x83 ./Sources/main.o
 .debug_macro   0x0000ed7e       0x16 ./Sources/main.o
 .debug_macro   0x0000ed94       0x10 ./Sources/main.o
 .debug_macro   0x0000eda4       0x1c ./Sources/main.o
 .debug_macro   0x0000edc0       0x22 ./Sources/main.o
 .debug_macro   0x0000ede2       0x16 ./Sources/main.o
 .debug_macro   0x0000edf8       0x16 ./Sources/main.o
 .debug_macro   0x0000ee0e       0x10 ./Sources/main.o
 .debug_macro   0x0000ee1e       0x16 ./Sources/main.o
 .debug_macro   0x0000ee34      0x512 ./Sources/main.o
 .debug_macro   0x0000f346       0x16 ./Sources/main.o
 .debug_macro   0x0000f35c       0x10 ./Sources/main.o
 .debug_macro   0x0000f36c      0x224 ./Sources/lpit_user_if.o
 .debug_macro   0x0000f590       0x16 ./Sources/lpit_user_if.o
 .debug_macro   0x0000f5a6     0xc804 ./Sources/lpit_user_if.o
 .debug_macro   0x0001bdaa       0x1c ./Sources/lpit_user_if.o
 .debug_macro   0x0001bdc6       0x10 ./Sources/lpit_user_if.o
 .debug_macro   0x0001bdd6      0x121 ./Sources/fsl_flash_driver_c90tfs.o
 .debug_macro   0x0001bef7      0x22c ./Sources/comm.o
 .debug_macro   0x0001c123       0x3a ./Sources/comm.o
 .debug_macro   0x0001c15d      0x15f ./SDK/rtos/osif/osif_baremetal.o
 .debug_macro   0x0001c2bc      0x13b ./SDK/platform/drivers/src/pins/pins_port_hw_access.o
 .debug_macro   0x0001c3f7      0x141 ./SDK/platform/drivers/src/pins/pins_driver.o
 .debug_macro   0x0001c538       0xf4 ./SDK/platform/drivers/src/lpuart/lpuart_irq.o
 .debug_macro   0x0001c62c      0x15c ./SDK/platform/drivers/src/lpuart/lpuart_hw_access.o
 .debug_macro   0x0001c788       0x34 ./SDK/platform/drivers/src/lpuart/lpuart_hw_access.o
 .debug_macro   0x0001c7bc      0x180 ./SDK/platform/drivers/src/lpuart/lpuart_driver.o
 .debug_macro   0x0001c93c      0x151 ./SDK/platform/drivers/src/lpit/lpit_driver.o
 .debug_macro   0x0001ca8d       0xea ./SDK/platform/drivers/src/interrupt/interrupt_manager.o
 .debug_macro   0x0001cb77      0x134 ./SDK/platform/drivers/src/edma/edma_irq.o
 .debug_macro   0x0001ccab      0x130 ./SDK/platform/drivers/src/edma/edma_hw_access.o
 .debug_macro   0x0001cddb      0x15b ./SDK/platform/drivers/src/edma/edma_driver.o
 .debug_macro   0x0001cf36      0x2d3 ./SDK/platform/drivers/src/clock/S32K1xx/clock_S32K1xx.o
 .debug_macro   0x0001d209       0xea ./SDK/platform/devices/startup.o
 .debug_macro   0x0001d2f3       0x40 ./SDK/platform/devices/startup.o
 .debug_macro   0x0001d333       0xe9 ./SDK/platform/devices/S32K118/startup/system_S32K118.o
 .debug_macro   0x0001d41c      0x140 ./Generated_Code/pin_mux.o
 .debug_macro   0x0001d55c      0x1ea ./Generated_Code/lpuart0.o
 .debug_macro   0x0001d746      0x1f1 ./Generated_Code/lpit0.o
 .debug_macro   0x0001d937      0x1e6 ./Generated_Code/clockMan1.o

.debug_line     0x00000000     0x9b42
 .debug_line    0x00000000      0x3e6 ./Sources/mem_man.o
 .debug_line    0x000003e6      0x748 ./Sources/main.o
 .debug_line    0x00000b2e      0x6de ./Sources/lpit_user_if.o
 .debug_line    0x0000120c      0x765 ./Sources/fsl_flash_driver_c90tfs.o
 .debug_line    0x00001971      0x95a ./Sources/comm.o
 .debug_line    0x000022cb      0x570 ./SDK/rtos/osif/osif_baremetal.o
 .debug_line    0x0000283b      0x480 ./SDK/platform/drivers/src/pins/pins_port_hw_access.o
 .debug_line    0x00002cbb      0x726 ./SDK/platform/drivers/src/pins/pins_driver.o
 .debug_line    0x000033e1      0x377 ./SDK/platform/drivers/src/lpuart/lpuart_irq.o
 .debug_line    0x00003758      0x5dd ./SDK/platform/drivers/src/lpuart/lpuart_hw_access.o
 .debug_line    0x00003d35      0xb3f ./SDK/platform/drivers/src/lpuart/lpuart_driver.o
 .debug_line    0x00004874      0x882 ./SDK/platform/drivers/src/lpit/lpit_driver.o
 .debug_line    0x000050f6      0x477 ./SDK/platform/drivers/src/interrupt/interrupt_manager.o
 .debug_line    0x0000556d      0x42d ./SDK/platform/drivers/src/edma/edma_irq.o
 .debug_line    0x0000599a      0x57c ./SDK/platform/drivers/src/edma/edma_hw_access.o
 .debug_line    0x00005f16      0xd1a ./SDK/platform/drivers/src/edma/edma_driver.o
 .debug_line    0x00006c30     0x152f ./SDK/platform/drivers/src/clock/S32K1xx/clock_S32K1xx.o
 .debug_line    0x0000815f      0x27e ./SDK/platform/devices/startup.o
 .debug_line    0x000083dd      0x34f ./SDK/platform/devices/S32K118/startup/system_S32K118.o
 .debug_line    0x0000872c       0x92 ./Project_Settings/Startup_Code/startup_S32K118.o
 .debug_line    0x000087be      0x382 ./Generated_Code/pin_mux.o
 .debug_line    0x00008b40      0x556 ./Generated_Code/lpuart0.o
 .debug_line    0x00009096      0x554 ./Generated_Code/lpit0.o
 .debug_line    0x000095ea      0x558 ./Generated_Code/clockMan1.o

.debug_str      0x00000000    0x634cc
 .debug_str     0x00000000    0x5abc8 ./Sources/mem_man.o
                              0x5ac68 (size before relaxing)
 .debug_str     0x0005abc8     0x2f82 ./Sources/main.o
                              0x5d9ec (size before relaxing)
 .debug_str     0x0005db4a      0x267 ./Sources/lpit_user_if.o
                              0x5bd5b (size before relaxing)
 .debug_str     0x0005ddb1      0x285 ./Sources/fsl_flash_driver_c90tfs.o
                              0x5ad11 (size before relaxing)
 .debug_str     0x0005e036      0x445 ./Sources/comm.o
                              0x5dcfa (size before relaxing)
 .debug_str     0x0005e47b      0x1fa ./SDK/rtos/osif/osif_baremetal.o
                              0x59bf3 (size before relaxing)
 .debug_str     0x0005e675      0x184 ./SDK/platform/drivers/src/pins/pins_port_hw_access.o
                              0x5915f (size before relaxing)
 .debug_str     0x0005e7f9      0x47e ./SDK/platform/drivers/src/pins/pins_driver.o
                              0x59da1 (size before relaxing)
 .debug_str     0x0005ec77       0x72 ./SDK/platform/drivers/src/lpuart/lpuart_irq.o
                              0x58b3e (size before relaxing)
 .debug_str     0x0005ece9      0x32f ./SDK/platform/drivers/src/lpuart/lpuart_hw_access.o
                              0x59c30 (size before relaxing)
 .debug_str     0x0005f018      0x708 ./SDK/platform/drivers/src/lpuart/lpuart_driver.o
                              0x5aba9 (size before relaxing)
 .debug_str     0x0005f720      0x64a ./SDK/platform/drivers/src/lpit/lpit_driver.o
                              0x5a515 (size before relaxing)
 .debug_str     0x0005fd6a      0x1c3 ./SDK/platform/drivers/src/interrupt/interrupt_manager.o
                              0x58f44 (size before relaxing)
 .debug_str     0x0005ff2d      0x191 ./SDK/platform/drivers/src/edma/edma_irq.o
                              0x58e88 (size before relaxing)
 .debug_str     0x000600be      0x41f ./SDK/platform/drivers/src/edma/edma_hw_access.o
                              0x59249 (size before relaxing)
 .debug_str     0x000604dd      0xc19 ./SDK/platform/drivers/src/edma/edma_driver.o
                              0x5b281 (size before relaxing)
 .debug_str     0x000610f6     0x1f2c ./SDK/platform/drivers/src/clock/S32K1xx/clock_S32K1xx.o
                              0x5c8fd (size before relaxing)
 .debug_str     0x00063022      0x35a ./SDK/platform/devices/startup.o
                              0x58f45 (size before relaxing)
 .debug_str     0x0006337c       0xa1 ./SDK/platform/devices/S32K118/startup/system_S32K118.o
                              0x58ceb (size before relaxing)
 .debug_str     0x0006341d       0x3f ./Project_Settings/Startup_Code/startup_S32K118.o
                                 0x99 (size before relaxing)
 .debug_str     0x0006345c       0x1c ./Generated_Code/pin_mux.o
                              0x5901b (size before relaxing)
 .debug_str     0x00063478       0x1c ./Generated_Code/lpuart0.o
                              0x5ba96 (size before relaxing)
 .debug_str     0x00063494       0x1a ./Generated_Code/lpit0.o
                              0x5ba94 (size before relaxing)
 .debug_str     0x000634ae       0x1e ./Generated_Code/clockMan1.o
                              0x5ba98 (size before relaxing)

.comment        0x00000000       0xa0
 .comment       0x00000000       0xa0 ./Sources/mem_man.o
                                 0xa1 (size before relaxing)
 .comment       0x000000a0       0xa1 ./Sources/main.o
 .comment       0x000000a0       0xa1 ./Sources/lpit_user_if.o
 .comment       0x000000a0       0xa1 ./Sources/fsl_flash_driver_c90tfs.o
 .comment       0x000000a0       0xa1 ./Sources/comm.o
 .comment       0x000000a0       0xa1 ./SDK/rtos/osif/osif_baremetal.o
 .comment       0x000000a0       0xa1 ./SDK/platform/drivers/src/pins/pins_port_hw_access.o
 .comment       0x000000a0       0xa1 ./SDK/platform/drivers/src/pins/pins_driver.o
 .comment       0x000000a0       0xa1 ./SDK/platform/drivers/src/lpuart/lpuart_irq.o
 .comment       0x000000a0       0xa1 ./SDK/platform/drivers/src/lpuart/lpuart_hw_access.o
 .comment       0x000000a0       0xa1 ./SDK/platform/drivers/src/lpuart/lpuart_driver.o
 .comment       0x000000a0       0xa1 ./SDK/platform/drivers/src/lpit/lpit_driver.o
 .comment       0x000000a0       0xa1 ./SDK/platform/drivers/src/interrupt/interrupt_manager.o
 .comment       0x000000a0       0xa1 ./SDK/platform/drivers/src/edma/edma_irq.o
 .comment       0x000000a0       0xa1 ./SDK/platform/drivers/src/edma/edma_hw_access.o
 .comment       0x000000a0       0xa1 ./SDK/platform/drivers/src/edma/edma_driver.o
 .comment       0x000000a0       0xa1 ./SDK/platform/drivers/src/clock/S32K1xx/clock_S32K1xx.o
 .comment       0x000000a0       0xa1 ./SDK/platform/devices/startup.o
 .comment       0x000000a0       0xa1 ./SDK/platform/devices/S32K118/startup/system_S32K118.o
 .comment       0x000000a0       0xa1 ./Generated_Code/pin_mux.o
 .comment       0x000000a0       0xa1 ./Generated_Code/lpuart0.o
 .comment       0x000000a0       0xa1 ./Generated_Code/lpit0.o
 .comment       0x000000a0       0xa1 ./Generated_Code/clockMan1.o

.debug_frame    0x00000000     0x3744
 .debug_frame   0x00000000       0x4c ./Sources/mem_man.o
 .debug_frame   0x0000004c       0x6c ./Sources/main.o
 .debug_frame   0x000000b8       0x48 ./Sources/lpit_user_if.o
 .debug_frame   0x00000100      0x24c ./Sources/fsl_flash_driver_c90tfs.o
 .debug_frame   0x0000034c      0x208 ./Sources/comm.o
 .debug_frame   0x00000554      0x1f8 ./SDK/rtos/osif/osif_baremetal.o
 .debug_frame   0x0000074c       0xb0 ./SDK/platform/drivers/src/pins/pins_port_hw_access.o
 .debug_frame   0x000007fc      0x550 ./SDK/platform/drivers/src/pins/pins_driver.o
 .debug_frame   0x00000d4c       0x48 ./SDK/platform/drivers/src/lpuart/lpuart_irq.o
 .debug_frame   0x00000d94      0x190 ./SDK/platform/drivers/src/lpuart/lpuart_hw_access.o
 .debug_frame   0x00000f24      0x630 ./SDK/platform/drivers/src/lpuart/lpuart_driver.o
 .debug_frame   0x00001554      0x540 ./SDK/platform/drivers/src/lpit/lpit_driver.o
 .debug_frame   0x00001a94      0x148 ./SDK/platform/drivers/src/interrupt/interrupt_manager.o
 .debug_frame   0x00001bdc       0xc0 ./SDK/platform/drivers/src/edma/edma_irq.o
 .debug_frame   0x00001c9c      0x1d0 ./SDK/platform/drivers/src/edma/edma_hw_access.o
 .debug_frame   0x00001e6c      0x858 ./SDK/platform/drivers/src/edma/edma_driver.o
 .debug_frame   0x000026c4      0xf54 ./SDK/platform/drivers/src/clock/S32K1xx/clock_S32K1xx.o
 .debug_frame   0x00003618       0x30 ./SDK/platform/devices/startup.o
 .debug_frame   0x00003648       0x6c ./SDK/platform/devices/S32K118/startup/system_S32K118.o
 .debug_frame   0x000036b4       0x20 c:/nxp/s32ds_arm_v2018.r1/cross_tools/gcc-6.3-arm32-eabi/bin/../lib/gcc/arm-none-eabi/6.3.1/thumb/v6-m\libgcc.a(_udivsi3.o)
 .debug_frame   0x000036d4       0x34 c:/nxp/s32ds_arm_v2018.r1/cross_tools/gcc-6.3-arm32-eabi/bin/../lib/gcc/arm-none-eabi/6.3.1/thumb/v6-m\libgcc.a(_muldi3.o)
 .debug_frame   0x00003708       0x3c c:/nxp/s32ds_arm_v2018.r1/cross_tools/gcc-6.3-arm32-eabi/bin/../lib/gcc/arm-none-eabi/6.3.1/thumb/v6-m\libgcc.a(_udivmoddi4.o)
